Archive member included to satisfy reference by file (symbol)

d:/clion/tools/gcc-arm-none-eabi-10.3-2021.10-win32/gcc-arm-none-eabi-10.3-2021.10/bin/../lib/gcc/arm-none-eabi/10.3.1/thumb/v7-m/nofp\libgcc.a(_arm_mulsf3.o)
                              CMakeFiles/motor_1.0.elf.dir/PID/PID.c.obj (__aeabi_fmul)
d:/clion/tools/gcc-arm-none-eabi-10.3-2021.10-win32/gcc-arm-none-eabi-10.3-2021.10/bin/../lib/gcc/arm-none-eabi/10.3.1/thumb/v7-m/nofp\libgcc.a(_arm_addsubdf3.o)
                              CMakeFiles/motor_1.0.elf.dir/encoder/encoder.c.obj (__aeabi_i2d)
d:/clion/tools/gcc-arm-none-eabi-10.3-2021.10-win32/gcc-arm-none-eabi-10.3-2021.10/bin/../lib/gcc/arm-none-eabi/10.3.1/thumb/v7-m/nofp\libgcc.a(_arm_fixdfsi.o)
                              CMakeFiles/motor_1.0.elf.dir/encoder/encoder.c.obj (__aeabi_d2iz)
d:/clion/tools/gcc-arm-none-eabi-10.3-2021.10-win32/gcc-arm-none-eabi-10.3-2021.10/bin/../lib/gcc/arm-none-eabi/10.3.1/thumb/v7-m/nofp\libgcc.a(_arm_addsubsf3.o)
                              CMakeFiles/motor_1.0.elf.dir/PID/PID.c.obj (__aeabi_fsub)
d:/clion/tools/gcc-arm-none-eabi-10.3-2021.10-win32/gcc-arm-none-eabi-10.3-2021.10/bin/../lib/gcc/arm-none-eabi/10.3.1/thumb/v7-m/nofp\libgcc.a(_arm_muldivsf3.o)
                              CMakeFiles/motor_1.0.elf.dir/encoder/encoder.c.obj (__aeabi_fdiv)
d:/clion/tools/gcc-arm-none-eabi-10.3-2021.10-win32/gcc-arm-none-eabi-10.3-2021.10/bin/../lib/gcc/arm-none-eabi/10.3.1/thumb/v7-m/nofp\libgcc.a(_arm_cmpsf2.o)
                              CMakeFiles/motor_1.0.elf.dir/PID/PID.c.obj (__aeabi_fcmplt)
d:/clion/tools/gcc-arm-none-eabi-10.3-2021.10-win32/gcc-arm-none-eabi-10.3-2021.10/bin/../lib/gcc/arm-none-eabi/10.3.1/thumb/v7-m/nofp\libgcc.a(_arm_fixsfsi.o)
                              CMakeFiles/motor_1.0.elf.dir/control/control.c.obj (__aeabi_f2iz)
d:/clion/tools/gcc-arm-none-eabi-10.3-2021.10-win32/gcc-arm-none-eabi-10.3-2021.10/bin/../lib/gcc/arm-none-eabi/10.3.1/../../../../arm-none-eabi/lib/thumb/v7-m/nofp\libg.a(lib_a-atoff.o)
                              CMakeFiles/motor_1.0.elf.dir/Src/usart.c.obj (atoff)
d:/clion/tools/gcc-arm-none-eabi-10.3-2021.10-win32/gcc-arm-none-eabi-10.3-2021.10/bin/../lib/gcc/arm-none-eabi/10.3.1/../../../../arm-none-eabi/lib/thumb/v7-m/nofp\libg.a(lib_a-errno.o)
                              CMakeFiles/motor_1.0.elf.dir/Src/syscalls.c.obj (__errno)
d:/clion/tools/gcc-arm-none-eabi-10.3-2021.10-win32/gcc-arm-none-eabi-10.3-2021.10/bin/../lib/gcc/arm-none-eabi/10.3.1/../../../../arm-none-eabi/lib/thumb/v7-m/nofp\libg.a(lib_a-exit.o)
                              d:/clion/tools/gcc-arm-none-eabi-10.3-2021.10-win32/gcc-arm-none-eabi-10.3-2021.10/bin/../lib/gcc/arm-none-eabi/10.3.1/../../../../arm-none-eabi/lib/thumb/v7-m/nofp/crt0.o (exit)
d:/clion/tools/gcc-arm-none-eabi-10.3-2021.10-win32/gcc-arm-none-eabi-10.3-2021.10/bin/../lib/gcc/arm-none-eabi/10.3.1/../../../../arm-none-eabi/lib/thumb/v7-m/nofp\libg.a(lib_a-impure.o)
                              d:/clion/tools/gcc-arm-none-eabi-10.3-2021.10-win32/gcc-arm-none-eabi-10.3-2021.10/bin/../lib/gcc/arm-none-eabi/10.3.1/../../../../arm-none-eabi/lib/thumb/v7-m/nofp\libg.a(lib_a-exit.o) (_global_impure_ptr)
d:/clion/tools/gcc-arm-none-eabi-10.3-2021.10-win32/gcc-arm-none-eabi-10.3-2021.10/bin/../lib/gcc/arm-none-eabi/10.3.1/../../../../arm-none-eabi/lib/thumb/v7-m/nofp\libg.a(lib_a-init.o)
                              d:/clion/tools/gcc-arm-none-eabi-10.3-2021.10-win32/gcc-arm-none-eabi-10.3-2021.10/bin/../lib/gcc/arm-none-eabi/10.3.1/../../../../arm-none-eabi/lib/thumb/v7-m/nofp/crt0.o (__libc_init_array)
d:/clion/tools/gcc-arm-none-eabi-10.3-2021.10-win32/gcc-arm-none-eabi-10.3-2021.10/bin/../lib/gcc/arm-none-eabi/10.3.1/../../../../arm-none-eabi/lib/thumb/v7-m/nofp\libg.a(lib_a-memset.o)
                              d:/clion/tools/gcc-arm-none-eabi-10.3-2021.10-win32/gcc-arm-none-eabi-10.3-2021.10/bin/../lib/gcc/arm-none-eabi/10.3.1/../../../../arm-none-eabi/lib/thumb/v7-m/nofp/crt0.o (memset)
d:/clion/tools/gcc-arm-none-eabi-10.3-2021.10-win32/gcc-arm-none-eabi-10.3-2021.10/bin/../lib/gcc/arm-none-eabi/10.3.1/../../../../arm-none-eabi/lib/thumb/v7-m/nofp\libg.a(lib_a-printf.o)
                              CMakeFiles/motor_1.0.elf.dir/Src/main.c.obj (printf)
d:/clion/tools/gcc-arm-none-eabi-10.3-2021.10-win32/gcc-arm-none-eabi-10.3-2021.10/bin/../lib/gcc/arm-none-eabi/10.3.1/../../../../arm-none-eabi/lib/thumb/v7-m/nofp\libg.a(lib_a-puts.o)
                              CMakeFiles/motor_1.0.elf.dir/Src/usart.c.obj (puts)
d:/clion/tools/gcc-arm-none-eabi-10.3-2021.10-win32/gcc-arm-none-eabi-10.3-2021.10/bin/../lib/gcc/arm-none-eabi/10.3.1/../../../../arm-none-eabi/lib/thumb/v7-m/nofp\libg.a(lib_a-strlen-stub.o)
                              d:/clion/tools/gcc-arm-none-eabi-10.3-2021.10-win32/gcc-arm-none-eabi-10.3-2021.10/bin/../lib/gcc/arm-none-eabi/10.3.1/../../../../arm-none-eabi/lib/thumb/v7-m/nofp\libg.a(lib_a-puts.o) (strlen)
[...]
Memory Configuration

Name             Origin             Length             Attributes
RAM              0x20000000         0x00005000         xrw
FLASH            0x08000000         0x00020000         xr
*default*        0x00000000         0xffffffff

Linker script and memory map

LOAD d:/clion/tools/gcc-arm-none-eabi-10.3-2021.10-win32/gcc-arm-none-eabi-10.3-2021.10/bin/../lib/gcc/arm-none-eabi/10.3.1/thumb/v7-m/nofp/crti.o
LOAD d:/clion/tools/gcc-arm-none-eabi-10.3-2021.10-win32/gcc-arm-none-eabi-10.3-2021.10/bin/../lib/gcc/arm-none-eabi/10.3.1/thumb/v7-m/nofp/crtbegin.o
LOAD d:/clion/tools/gcc-arm-none-eabi-10.3-2021.10-win32/gcc-arm-none-eabi-10.3-2021.10/bin/../lib/gcc/arm-none-eabi/10.3.1/../../../../arm-none-eabi/lib/thumb/v7-m/nofp/crt0.o
LOAD CMakeFiles/motor_1.0.elf.dir/Drivers/STM32F1xx_HAL_Driver/Src/stm32f1xx_hal.c.obj
LOAD CMakeFiles/motor_1.0.elf.dir/Drivers/STM32F1xx_HAL_Driver/Src/stm32f1xx_hal_cortex.c.obj
LOAD CMakeFiles/motor_1.0.elf.dir/Drivers/STM32F1xx_HAL_Driver/Src/stm32f1xx_hal_dma.c.obj
LOAD CMakeFiles/motor_1.0.elf.dir/Drivers/STM32F1xx_HAL_Driver/Src/stm32f1xx_hal_exti.c.obj
LOAD CMakeFiles/motor_1.0.elf.dir/Drivers/STM32F1xx_HAL_Driver/Src/stm32f1xx_hal_flash.c.obj
LOAD CMakeFiles/motor_1.0.elf.dir/Drivers/STM32F1xx_HAL_Driver/Src/stm32f1xx_hal_flash_ex.c.obj
LOAD CMakeFiles/motor_1.0.elf.dir/Drivers/STM32F1xx_HAL_Driver/Src/stm32f1xx_hal_gpio.c.obj
LOAD CMakeFiles/motor_1.0.elf.dir/Drivers/STM32F1xx_HAL_Driver/Src/stm32f1xx_hal_gpio_ex.c.obj
LOAD CMakeFiles/motor_1.0.elf.dir/Drivers/STM32F1xx_HAL_Driver/Src/stm32f1xx_hal_pwr.c.obj
LOAD CMakeFiles/motor_1.0.elf.dir/Drivers/STM32F1xx_HAL_Driver/Src/stm32f1xx_hal_rcc.c.obj
LOAD CMakeFiles/motor_1.0.elf.dir/Drivers/STM32F1xx_HAL_Driver/Src/stm32f1xx_hal_rcc_ex.c.obj
LOAD CMakeFiles/motor_1.0.elf.dir/Drivers/STM32F1xx_HAL_Driver/Src/stm32f1xx_hal_tim.c.obj
LOAD CMakeFiles/motor_1.0.elf.dir/Drivers/STM32F1xx_HAL_Driver/Src/stm32f1xx_hal_tim_ex.c.obj
LOAD CMakeFiles/motor_1.0.elf.dir/Drivers/STM32F1xx_HAL_Driver/Src/stm32f1xx_hal_uart.c.obj
LOAD CMakeFiles/motor_1.0.elf.dir/PID/PID.c.obj
LOAD CMakeFiles/motor_1.0.elf.dir/Src/gpio.c.obj
LOAD CMakeFiles/motor_1.0.elf.dir/Src/main.c.obj
LOAD CMakeFiles/motor_1.0.elf.dir/Src/stm32f1xx_hal_msp.c.obj
LOAD CMakeFiles/motor_1.0.elf.dir/Src/stm32f1xx_it.c.obj
LOAD CMakeFiles/motor_1.0.elf.dir/Src/syscalls.c.obj
LOAD CMakeFiles/motor_1.0.elf.dir/Src/sysmem.c.obj
LOAD CMakeFiles/motor_1.0.elf.dir/Src/system_stm32f1xx.c.obj
LOAD CMakeFiles/motor_1.0.elf.dir/Src/tim.c.obj
LOAD CMakeFiles/motor_1.0.elf.dir/Src/usart.c.obj
LOAD CMakeFiles/motor_1.0.elf.dir/Startup/startup_stm32f103c8tx.s.obj
LOAD CMakeFiles/motor_1.0.elf.dir/control/control.c.obj
LOAD CMakeFiles/motor_1.0.elf.dir/encoder/encoder.c.obj
START GROUP
LOAD d:/clion/tools/gcc-arm-none-eabi-10.3-2021.10-win32/gcc-arm-none-eabi-10.3-2021.10/bin/../lib/gcc/arm-none-eabi/10.3.1/thumb/v7-m/nofp\libgcc.a
LOAD d:/clion/tools/gcc-arm-none-eabi-10.3-2021.10-win32/gcc-arm-none-eabi-10.3-2021.10/bin/../lib/gcc/arm-none-eabi/10.3.1/../../../../arm-none-eabi/lib/thumb/v7-m/nofp\libg.a
LOAD d:/clion/tools/gcc-arm-none-eabi-10.3-2021.10-win32/gcc-arm-none-eabi-10.3-2021.10/bin/../lib/gcc/arm-none-eabi/10.3.1/../../../../arm-none-eabi/lib/thumb/v7-m/nofp\libc.a
END GROUP
LOAD d:/clion/tools/gcc-arm-none-eabi-10.3-2021.10-win32/gcc-arm-none-eabi-10.3-2021.10/bin/../lib/gcc/arm-none-eabi/10.3.1/thumb/v7-m/nofp/crtend.o
LOAD d:/clion/tools/gcc-arm-none-eabi-10.3-2021.10-win32/gcc-arm-none-eabi-10.3-2021.10/bin/../lib/gcc/arm-none-eabi/10.3.1/thumb/v7-m/nofp/crtn.o
                0x20005000                _estack = (ORIGIN (RAM) + LENGTH (RAM))
                0x00000200                _Min_Heap_Size = 0x200
                0x00000400                _Min_Stack_Size = 0x400

.isr_vector     0x08000000      0x10c
                0x08000000                . = ALIGN (0x4)
 *(.isr_vector)
 .isr_vector    0x08000000      0x10c CMakeFiles/motor_1.0.elf.dir/Startup/startup_stm32f103c8tx.s.obj
                0x08000000                g_pfnVectors
                0x0800010c                . = ALIGN (0x4)

.text           0x08000110     0xb708
                0x08000110                . = ALIGN (0x4)
 *(.text)
 .text          0x08000110       0x40 d:/clion/tools/gcc-arm-none-eabi-10.3-2021.10-win32/gcc-arm-none-eabi-10.3-2021.10/bin/../lib/gcc/arm-none-eabi/10.3.1/thumb/v7-m/nofp/crtbegin.o
 .text          0x08000150      0x378 d:/clion/tools/gcc-arm-none-eabi-10.3-2021.10-win32/gcc-arm-none-eabi-10.3-2021.10/bin/../lib/gcc/arm-none-eabi/10.3.1/thumb/v7-m/nofp\libgcc.a(_arm_addsubdf3.o)
                0x08000150                __aeabi_drsub
                0x08000158                __aeabi_dsub
                0x08000158                __subdf3
                0x0800015c                __aeabi_dadd
                0x0800015c                __adddf3
                0x080003d4                __floatunsidf
                0x080003d4                __aeabi_ui2d
                0x080003f4                __floatsidf
                0x080003f4                __aeabi_i2d
                0x08000418                __aeabi_f2d
                0x08000418                __extendsfdf2
                0x0800045c                __floatundidf
                0x0800045c                __aeabi_ul2d
                0x0800046c                __floatdidf
                0x0800046c                __aeabi_l2d
 .text          0x080004c8       0x50 d:/clion/tools/gcc-arm-none-eabi-10.3-2021.10-win32/gcc-arm-none-eabi-10.3-2021.10/bin/../lib/gcc/arm-none-eabi/10.3.1/thumb/v7-m/nofp\libgcc.a(_arm_fixdfsi.o)
                0x080004c8                __aeabi_d2iz
                0x080004c8                __fixdfsi
 .text          0x08000518      0x21c d:/clion/tools/gcc-arm-none-eabi-10.3-2021.10-win32/gcc-arm-none-eabi-10.3-2021.10/bin/../lib/gcc/arm-none-eabi/10.3.1/thumb/v7-m/nofp\libgcc.a(_arm_addsubsf3.o)
                0x08000518                __aeabi_frsub
                0x08000520                __subsf3
                0x08000520                __aeabi_fsub
                0x08000524                __aeabi_fadd
                0x08000524                __addsf3
                0x08000684                __aeabi_ui2f
                0x08000684                __floatunsisf
                0x0800068c                __aeabi_i2f
                0x0800068c                __floatsisf
                0x080006a8                __aeabi_ul2f
                0x080006a8                __floatundisf
                0x080006b8                __aeabi_l2f
                0x080006b8                __floatdisf
 .text          0x08000734      0x2a0 d:/clion/tools/gcc-arm-none-eabi-10.3-2021.10-win32/gcc-arm-none-eabi-10.3-2021.10/bin/../lib/gcc/arm-none-eabi/10.3.1/thumb/v7-m/nofp\libgcc.a(_arm_muldivsf3.o)
                0x08000734                __mulsf3
                0x08000734                __aeabi_fmul
                0x0800089c                __aeabi_fdiv
                0x0800089c                __divsf3
 .text          0x080009d4       0xec d:/clion/tools/gcc-arm-none-eabi-10.3-2021.10-win32/gcc-arm-none-eabi-10.3-2021.10/bin/../lib/gcc/arm-none-eabi/10.3.1/thumb/v7-m/nofp\libgcc.a(_arm_cmpsf2.o)
                0x080009d4                __gesf2
                0x080009d4                __gtsf2
                0x080009dc                __lesf2
                0x080009dc                __ltsf2
                0x080009e4                __nesf2
                0x080009e4                __eqsf2
                0x080009e4                __cmpsf2
                0x08000a44                __aeabi_cfrcmple
                0x08000a4c                __aeabi_cfcmpeq
                0x08000a4c                __aeabi_cfcmple
                0x08000a5c                __aeabi_fcmpeq
                0x08000a70                __aeabi_fcmplt
                0x08000a84                __aeabi_fcmple
                0x08000a98                __aeabi_fcmpge
                0x08000aac                __aeabi_fcmpgt
 .text          0x08000ac0       0x4c d:/clion/tools/gcc-arm-none-eabi-10.3-2021.10-win32/gcc-arm-none-eabi-10.3-2021.10/bin/../lib/gcc/arm-none-eabi/10.3.1/thumb/v7-m/nofp\libgcc.a(_arm_fixsfsi.o)
                0x08000ac0                __aeabi_f2iz
                0x08000ac0                __fixsfsi
 .text          0x08000b0c       0xec d:/clion/tools/gcc-arm-none-eabi-10.3-2021.10-win32/gcc-arm-none-eabi-10.3-2021.10/bin/../lib/gcc/arm-none-eabi/10.3.1/../../../../arm-none-eabi/lib/thumb/v7-m/nofp\libg.a(lib_a-memcpy.o)
                0x08000b0c                memcpy
 .text          0x08000bf8      0x424 d:/clion/tools/gcc-arm-none-eabi-10.3-2021.10-win32/gcc-arm-none-eabi-10.3-2021.10/bin/../lib/gcc/arm-none-eabi/10.3.1/thumb/v7-m/nofp\libgcc.a(_arm_muldivdf3.o)
                0x08000bf8                __aeabi_dmul
                0x08000bf8                __muldf3
                0x08000e4c                __divdf3
                0x08000e4c                __aeabi_ddiv
 .text          0x0800101c      0x110 d:/clion/tools/gcc-arm-none-eabi-10.3-2021.10-win32/gcc-arm-none-eabi-10.3-2021.10/bin/../lib/gcc/arm-none-eabi/10.3.1/thumb/v7-m/nofp\libgcc.a(_arm_cmpdf2.o)
                0x0800101c                __gtdf2
                0x0800101c                __gedf2
                0x08001024                __ltdf2
                0x08001024                __ledf2
                0x0800102c                __nedf2
                0x0800102c                __eqdf2
                0x0800102c                __cmpdf2
                0x080010a8                __aeabi_cdrcmple
                0x080010b8                __aeabi_cdcmpeq
                0x080010b8                __aeabi_cdcmple
                0x080010c8                __aeabi_dcmpeq
                0x080010dc                __aeabi_dcmplt
                0x080010f0                __aeabi_dcmple
                0x08001104                __aeabi_dcmpge
                0x08001118                __aeabi_dcmpgt
 .text          0x0800112c       0x2c d:/clion/tools/gcc-arm-none-eabi-10.3-2021.10-win32/gcc-arm-none-eabi-10.3-2021.10/bin/../lib/gcc/arm-none-eabi/10.3.1/thumb/v7-m/nofp\libgcc.a(_arm_unorddf2.o)
                0x0800112c                __unorddf2
                0x0800112c                __aeabi_dcmpun
 .text          0x08001158       0x40 d:/clion/tools/gcc-arm-none-eabi-10.3-2021.10-win32/gcc-arm-none-eabi-10.3-2021.10/bin/../lib/gcc/arm-none-eabi/10.3.1/thumb/v7-m/nofp\libgcc.a(_arm_fixunsdfsi.o)
                0x08001158                __aeabi_d2uiz
                0x08001158                __fixunsdfsi
 .text          0x08001198       0xa0 d:/clion/tools/gcc-arm-none-eabi-10.3-2021.10-win32/gcc-arm-none-eabi-10.3-2021.10/bin/../lib/gcc/arm-none-eabi/10.3.1/thumb/v7-m/nofp\libgcc.a(_arm_truncdfsf2.o)
                0x08001198                __truncdfsf2
                0x08001198                __aeabi_d2f
 .text          0x08001238       0x2c d:/clion/tools/gcc-arm-none-eabi-10.3-2021.10-win32/gcc-arm-none-eabi-10.3-2021.10/bin/../lib/gcc/arm-none-eabi/10.3.1/thumb/v7-m/nofp\libgcc.a(_arm_unordsf2.o)
                0x08001238                __unordsf2
                0x08001238                __aeabi_fcmpun
 .text          0x08001264       0x30 d:/clion/tools/gcc-arm-none-eabi-10.3-2021.10-win32/gcc-arm-none-eabi-10.3-2021.10/bin/../lib/gcc/arm-none-eabi/10.3.1/thumb/v7-m/nofp\libgcc.a(_aeabi_uldivmod.o)
                0x08001264                __aeabi_uldivmod
 .text          0x08001294       0x34 d:/clion/tools/gcc-arm-none-eabi-10.3-2021.10-win32/gcc-arm-none-eabi-10.3-2021.10/bin/../lib/gcc/arm-none-eabi/10.3.1/thumb/v7-m/nofp\libgcc.a(_fixdfdi.o)
                0x08001294                __fixdfdi
                0x08001294                __aeabi_d2lz
 .text          0x080012c8       0x3c d:/clion/tools/gcc-arm-none-eabi-10.3-2021.10-win32/gcc-arm-none-eabi-10.3-2021.10/bin/../lib/gcc/arm-none-eabi/10.3.1/thumb/v7-m/nofp\libgcc.a(_fixunsdfdi.o)
                0x080012c8                __fixunsdfdi
                0x080012c8                __aeabi_d2ulz
 .text          0x08001304      0x2d4 d:/clion/tools/gcc-arm-none-eabi-10.3-2021.10-win32/gcc-arm-none-eabi-10.3-2021.10/bin/../lib/gcc/arm-none-eabi/10.3.1/thumb/v7-m/nofp\libgcc.a(_udivmoddi4.o)
                0x08001304                __udivmoddi4
 .text          0x080015d8        0x4 d:/clion/tools/gcc-arm-none-eabi-10.3-2021.10-win32/gcc-arm-none-eabi-10.3-2021.10/bin/../lib/gcc/arm-none-eabi/10.3.1/thumb/v7-m/nofp\libgcc.a(_dvmd_tls.o)
                0x080015d8                __aeabi_idiv0
                0x080015d8                __aeabi_ldiv0
 *(.text*)
 .text.HAL_InitTick
                0x080015dc       0x4c CMakeFiles/motor_1.0.elf.dir/Drivers/STM32F1xx_HAL_Driver/Src/stm32f1xx_hal.c.obj
                0x080015dc                HAL_InitTick
 .text.HAL_Init
                0x08001628       0x24 CMakeFiles/motor_1.0.elf.dir/Drivers/STM32F1xx_HAL_Driver/Src/stm32f1xx_hal.c.obj
                0x08001628                HAL_Init
 .text.HAL_IncTick
                0x0800164c       0x18 CMakeFiles/motor_1.0.elf.dir/Drivers/STM32F1xx_HAL_Driver/Src/stm32f1xx_hal.c.obj
                0x0800164c                HAL_IncTick
 .text.HAL_GetTick
                0x08001664        0xc CMakeFiles/motor_1.0.elf.dir/Drivers/STM32F1xx_HAL_Driver/Src/stm32f1xx_hal.c.obj
                0x08001664                HAL_GetTick
 .text.HAL_Delay
                0x08001670       0x28 CMakeFiles/motor_1.0.elf.dir/Drivers/STM32F1xx_HAL_Driver/Src/stm32f1xx_hal.c.obj
                0x08001670                HAL_Delay
 .text.HAL_NVIC_SetPriorityGrouping
                0x08001698       0x24 CMakeFiles/motor_1.0.elf.dir/Drivers/STM32F1xx_HAL_Driver/Src/stm32f1xx_hal_cortex.c.obj
                0x08001698                HAL_NVIC_SetPriorityGrouping
 .text.HAL_NVIC_SetPriority
                0x080016bc       0x70 CMakeFiles/motor_1.0.elf.dir/Drivers/STM32F1xx_HAL_Driver/Src/stm32f1xx_hal_cortex.c.obj
                0x080016bc                HAL_NVIC_SetPriority
 .text.HAL_NVIC_EnableIRQ
                0x0800172c       0x1c CMakeFiles/motor_1.0.elf.dir/Drivers/STM32F1xx_HAL_Driver/Src/stm32f1xx_hal_cortex.c.obj
                0x0800172c                HAL_NVIC_EnableIRQ
 .text.HAL_SYSTICK_Config
                0x08001748       0x28 CMakeFiles/motor_1.0.elf.dir/Drivers/STM32F1xx_HAL_Driver/Src/stm32f1xx_hal_cortex.c.obj
                0x08001748                HAL_SYSTICK_Config
 .text.HAL_DMA_Abort
                0x08001770       0x46 CMakeFiles/motor_1.0.elf.dir/Drivers/STM32F1xx_HAL_Driver/Src/stm32f1xx_hal_dma.c.obj
                0x08001770                HAL_DMA_Abort
 *fill*         0x080017b6        0x2 
 .text.HAL_DMA_Abort_IT
                0x080017b8       0x98 CMakeFiles/motor_1.0.elf.dir/Drivers/STM32F1xx_HAL_Driver/Src/stm32f1xx_hal_dma.c.obj
                0x080017b8                HAL_DMA_Abort_IT
 .text.HAL_GPIO_Init
                0x08001850      0x224 CMakeFiles/motor_1.0.elf.dir/Drivers/STM32F1xx_HAL_Driver/Src/stm32f1xx_hal_gpio.c.obj
                0x08001850                HAL_GPIO_Init
 .text.HAL_GPIO_WritePin
                0x08001a74        0xc CMakeFiles/motor_1.0.elf.dir/Drivers/STM32F1xx_HAL_Driver/Src/stm32f1xx_hal_gpio.c.obj
                0x08001a74                HAL_GPIO_WritePin
 .text.RCC_Delay
                0x08001a80       0x2c CMakeFiles/motor_1.0.elf.dir/Drivers/STM32F1xx_HAL_Driver/Src/stm32f1xx_hal_rcc.c.obj
 .text.HAL_RCC_OscConfig
                0x08001aac      0x410 CMakeFiles/motor_1.0.elf.dir/Drivers/STM32F1xx_HAL_Driver/Src/stm32f1xx_hal_rcc.c.obj
                0x08001aac                HAL_RCC_OscConfig
 .text.HAL_RCC_GetSysClockFreq
                0x08001ebc       0x54 CMakeFiles/motor_1.0.elf.dir/Drivers/STM32F1xx_HAL_Driver/Src/stm32f1xx_hal_rcc.c.obj
                0x08001ebc                HAL_RCC_GetSysClockFreq
 .text.HAL_RCC_ClockConfig
                0x08001f10      0x16c CMakeFiles/motor_1.0.elf.dir/Drivers/STM32F1xx_HAL_Driver/Src/stm32f1xx_hal_rcc.c.obj
                0x08001f10                HAL_RCC_ClockConfig
 .text.HAL_RCC_GetHCLKFreq
                0x0800207c        0xc CMakeFiles/motor_1.0.elf.dir/Drivers/STM32F1xx_HAL_Driver/Src/stm32f1xx_hal_rcc.c.obj
                0x0800207c                HAL_RCC_GetHCLKFreq
 .text.HAL_RCC_GetPCLK1Freq
                0x08002088       0x20 CMakeFiles/motor_1.0.elf.dir/Drivers/STM32F1xx_HAL_Driver/Src/stm32f1xx_hal_rcc.c.obj
                0x08002088                HAL_RCC_GetPCLK1Freq
 .text.HAL_RCC_GetPCLK2Freq
                0x080020a8       0x20 CMakeFiles/motor_1.0.elf.dir/Drivers/STM32F1xx_HAL_Driver/Src/stm32f1xx_hal_rcc.c.obj
                0x080020a8                HAL_RCC_GetPCLK2Freq
 .text.TIM_OC1_SetConfig
                0x080020c8       0x5c CMakeFiles/motor_1.0.elf.dir/Drivers/STM32F1xx_HAL_Driver/Src/stm32f1xx_hal_tim.c.obj
 .text.TIM_OC3_SetConfig
                0x08002124       0x64 CMakeFiles/motor_1.0.elf.dir/Drivers/STM32F1xx_HAL_Driver/Src/stm32f1xx_hal_tim.c.obj
 .text.TIM_OC4_SetConfig
                0x08002188       0x48 CMakeFiles/motor_1.0.elf.dir/Drivers/STM32F1xx_HAL_Driver/Src/stm32f1xx_hal_tim.c.obj
 .text.TIM_TI1_ConfigInputStage
                0x080021d0       0x24 CMakeFiles/motor_1.0.elf.dir/Drivers/STM32F1xx_HAL_Driver/Src/stm32f1xx_hal_tim.c.obj
 .text.TIM_TI2_ConfigInputStage
                0x080021f4       0x26 CMakeFiles/motor_1.0.elf.dir/Drivers/STM32F1xx_HAL_Driver/Src/stm32f1xx_hal_tim.c.obj
 .text.TIM_ITRx_SetConfig
                0x0800221a       0x10 CMakeFiles/motor_1.0.elf.dir/Drivers/STM32F1xx_HAL_Driver/Src/stm32f1xx_hal_tim.c.obj
 *fill*         0x0800222a        0x2 
 .text.HAL_TIM_Base_Start_IT
                0x0800222c       0x68 CMakeFiles/motor_1.0.elf.dir/Drivers/STM32F1xx_HAL_Driver/Src/stm32f1xx_hal_tim.c.obj
                0x0800222c                HAL_TIM_Base_Start_IT
 .text.HAL_TIM_PWM_MspInit
                0x08002294        0x2 CMakeFiles/motor_1.0.elf.dir/Drivers/STM32F1xx_HAL_Driver/Src/stm32f1xx_hal_tim.c.obj
                0x08002294                HAL_TIM_PWM_MspInit
 .text.HAL_TIM_OC_DelayElapsedCallback
                0x08002296        0x2 CMakeFiles/motor_1.0.elf.dir/Drivers/STM32F1xx_HAL_Driver/Src/stm32f1xx_hal_tim.c.obj
                0x08002296                HAL_TIM_OC_DelayElapsedCallback
 .text.HAL_TIM_IC_CaptureCallback
                0x08002298        0x2 CMakeFiles/motor_1.0.elf.dir/Drivers/STM32F1xx_HAL_Driver/Src/stm32f1xx_hal_tim.c.obj
                0x08002298                HAL_TIM_IC_CaptureCallback
 .text.HAL_TIM_PWM_PulseFinishedCallback
                0x0800229a        0x2 CMakeFiles/motor_1.0.elf.dir/Drivers/STM32F1xx_HAL_Driver/Src/stm32f1xx_hal_tim.c.obj
                0x0800229a                HAL_TIM_PWM_PulseFinishedCallback
 .text.HAL_TIM_TriggerCallback
                0x0800229c        0x2 CMakeFiles/motor_1.0.elf.dir/Drivers/STM32F1xx_HAL_Driver/Src/stm32f1xx_hal_tim.c.obj
                0x0800229c                HAL_TIM_TriggerCallback
 .text.HAL_TIM_IRQHandler
                0x0800229e      0x17a CMakeFiles/motor_1.0.elf.dir/Drivers/STM32F1xx_HAL_Driver/Src/stm32f1xx_hal_tim.c.obj
                0x0800229e                HAL_TIM_IRQHandler
 .text.TIM_Base_SetConfig
                0x08002418       0x74 CMakeFiles/motor_1.0.elf.dir/Drivers/STM32F1xx_HAL_Driver/Src/stm32f1xx_hal_tim.c.obj
                0x08002418                TIM_Base_SetConfig
 .text.HAL_TIM_Base_Init
                0x0800248c       0x58 CMakeFiles/motor_1.0.elf.dir/Drivers/STM32F1xx_HAL_Driver/Src/stm32f1xx_hal_tim.c.obj
                0x0800248c                HAL_TIM_Base_Init
 .text.HAL_TIM_PWM_Init
                0x080024e4       0x58 CMakeFiles/motor_1.0.elf.dir/Drivers/STM32F1xx_HAL_Driver/Src/stm32f1xx_hal_tim.c.obj
                0x080024e4                HAL_TIM_PWM_Init
 .text.HAL_TIM_Encoder_Init
                0x0800253c       0xb8 CMakeFiles/motor_1.0.elf.dir/Drivers/STM32F1xx_HAL_Driver/Src/stm32f1xx_hal_tim.c.obj
                0x0800253c                HAL_TIM_Encoder_Init
 .text.TIM_OC2_SetConfig
                0x080025f4       0x64 CMakeFiles/motor_1.0.elf.dir/Drivers/STM32F1xx_HAL_Driver/Src/stm32f1xx_hal_tim.c.obj
                0x080025f4                TIM_OC2_SetConfig
 .text.HAL_TIM_PWM_ConfigChannel
                0x08002658       0xdc CMakeFiles/motor_1.0.elf.dir/Drivers/STM32F1xx_HAL_Driver/Src/stm32f1xx_hal_tim.c.obj
                0x08002658                HAL_TIM_PWM_ConfigChannel
 .text.TIM_ETR_SetConfig
                0x08002734       0x18 CMakeFiles/motor_1.0.elf.dir/Drivers/STM32F1xx_HAL_Driver/Src/stm32f1xx_hal_tim.c.obj
                0x08002734                TIM_ETR_SetConfig
 .text.HAL_TIM_ConfigClockSource
                0x0800274c       0xfe CMakeFiles/motor_1.0.elf.dir/Drivers/STM32F1xx_HAL_Driver/Src/stm32f1xx_hal_tim.c.obj
                0x0800274c                HAL_TIM_ConfigClockSource
 .text.TIM_CCxChannelCmd
                0x0800284a       0x1e CMakeFiles/motor_1.0.elf.dir/Drivers/STM32F1xx_HAL_Driver/Src/stm32f1xx_hal_tim.c.obj
                0x0800284a                TIM_CCxChannelCmd
 .text.HAL_TIM_PWM_Start
                0x08002868       0xdc CMakeFiles/motor_1.0.elf.dir/Drivers/STM32F1xx_HAL_Driver/Src/stm32f1xx_hal_tim.c.obj
                0x08002868                HAL_TIM_PWM_Start
 .text.HAL_TIM_Encoder_Start
                0x08002944       0xcc CMakeFiles/motor_1.0.elf.dir/Drivers/STM32F1xx_HAL_Driver/Src/stm32f1xx_hal_tim.c.obj
                0x08002944                HAL_TIM_Encoder_Start
 .text.HAL_TIMEx_MasterConfigSynchronization
                0x08002a10       0x6c CMakeFiles/motor_1.0.elf.dir/Drivers/STM32F1xx_HAL_Driver/Src/stm32f1xx_hal_tim_ex.c.obj
                0x08002a10                HAL_TIMEx_MasterConfigSynchronization
 .text.HAL_TIMEx_ConfigBreakDeadTime
                0x08002a7c       0x52 CMakeFiles/motor_1.0.elf.dir/Drivers/STM32F1xx_HAL_Driver/Src/stm32f1xx_hal_tim_ex.c.obj
                0x08002a7c                HAL_TIMEx_ConfigBreakDeadTime
 .text.HAL_TIMEx_CommutCallback
                0x08002ace        0x2 CMakeFiles/motor_1.0.elf.dir/Drivers/STM32F1xx_HAL_Driver/Src/stm32f1xx_hal_tim_ex.c.obj
                0x08002ace                HAL_TIMEx_CommutCallback
 .text.HAL_TIMEx_BreakCallback
                0x08002ad0        0x2 CMakeFiles/motor_1.0.elf.dir/Drivers/STM32F1xx_HAL_Driver/Src/stm32f1xx_hal_tim_ex.c.obj
                0x08002ad0                HAL_TIMEx_BreakCallback
 .text.UART_EndRxTransfer
                0x08002ad2       0x5c CMakeFiles/motor_1.0.elf.dir/Drivers/STM32F1xx_HAL_Driver/Src/stm32f1xx_hal_uart.c.obj
 .text.UART_Transmit_IT
                0x08002b2e       0x60 CMakeFiles/motor_1.0.elf.dir/Drivers/STM32F1xx_HAL_Driver/Src/stm32f1xx_hal_uart.c.obj
 *fill*         0x08002b8e        0x2 
 .text.UART_SetConfig
                0x08002b90       0x94 CMakeFiles/motor_1.0.elf.dir/Drivers/STM32F1xx_HAL_Driver/Src/stm32f1xx_hal_uart.c.obj
 .text.UART_WaitOnFlagUntilTimeout
                0x08002c24       0x88 CMakeFiles/motor_1.0.elf.dir/Drivers/STM32F1xx_HAL_Driver/Src/stm32f1xx_hal_uart.c.obj
 .text.HAL_UART_Init
                0x08002cac       0x60 CMakeFiles/motor_1.0.elf.dir/Drivers/STM32F1xx_HAL_Driver/Src/stm32f1xx_hal_uart.c.obj
                0x08002cac                HAL_UART_Init
 .text.HAL_UART_Transmit
                0x08002d0c       0xbe CMakeFiles/motor_1.0.elf.dir/Drivers/STM32F1xx_HAL_Driver/Src/stm32f1xx_hal_uart.c.obj
                0x08002d0c                HAL_UART_Transmit
 .text.HAL_UART_TxCpltCallback
                0x08002dca        0x2 CMakeFiles/motor_1.0.elf.dir/Drivers/STM32F1xx_HAL_Driver/Src/stm32f1xx_hal_uart.c.obj
                0x08002dca                HAL_UART_TxCpltCallback
 .text.UART_EndTransmit_IT
                0x08002dcc       0x1a CMakeFiles/motor_1.0.elf.dir/Drivers/STM32F1xx_HAL_Driver/Src/stm32f1xx_hal_uart.c.obj
 .text.HAL_UART_ErrorCallback
                0x08002de6        0x2 CMakeFiles/motor_1.0.elf.dir/Drivers/STM32F1xx_HAL_Driver/Src/stm32f1xx_hal_uart.c.obj
                0x08002de6                HAL_UART_ErrorCallback
 .text.UART_DMAAbortOnError
                0x08002de8       0x10 CMakeFiles/motor_1.0.elf.dir/Drivers/STM32F1xx_HAL_Driver/Src/stm32f1xx_hal_uart.c.obj
 .text.HAL_UARTEx_RxEventCallback
                0x08002df8        0x2 CMakeFiles/motor_1.0.elf.dir/Drivers/STM32F1xx_HAL_Driver/Src/stm32f1xx_hal_uart.c.obj
                0x08002df8                HAL_UARTEx_RxEventCallback
 .text.UART_Receive_IT
                0x08002dfa       0xe6 CMakeFiles/motor_1.0.elf.dir/Drivers/STM32F1xx_HAL_Driver/Src/stm32f1xx_hal_uart.c.obj
 .text.HAL_UART_IRQHandler
                0x08002ee0      0x288 CMakeFiles/motor_1.0.elf.dir/Drivers/STM32F1xx_HAL_Driver/Src/stm32f1xx_hal_uart.c.obj
                0x08002ee0                HAL_UART_IRQHandler
 .text.UART_Start_Receive_IT
                0x08003168       0x36 CMakeFiles/motor_1.0.elf.dir/Drivers/STM32F1xx_HAL_Driver/Src/stm32f1xx_hal_uart.c.obj
                0x08003168                UART_Start_Receive_IT
 .text.HAL_UART_Receive_IT
                0x0800319e       0x26 CMakeFiles/motor_1.0.elf.dir/Drivers/STM32F1xx_HAL_Driver/Src/stm32f1xx_hal_uart.c.obj
                0x0800319e                HAL_UART_Receive_IT
 .text.PID_Init
                0x080031c4       0x18 CMakeFiles/motor_1.0.elf.dir/PID/PID.c.obj
                0x080031c4                PID_Init
 .text.Position_PID
                0x080031dc       0x78 CMakeFiles/motor_1.0.elf.dir/PID/PID.c.obj
                0x080031dc                Position_PID
 .text.MX_GPIO_Init
                0x08003254       0x64 CMakeFiles/motor_1.0.elf.dir/Src/gpio.c.obj
                0x08003254                MX_GPIO_Init
 .text.__io_putchar
                0x080032b8       0x20 CMakeFiles/motor_1.0.elf.dir/Src/main.c.obj
                0x080032b8                __io_putchar
 .text.Error_Handler
                0x080032d8        0x4 CMakeFiles/motor_1.0.elf.dir/Src/main.c.obj
                0x080032d8                Error_Handler
 .text.SystemClock_Config
                0x080032dc       0x64 CMakeFiles/motor_1.0.elf.dir/Src/main.c.obj
                0x080032dc                SystemClock_Config
 .text.main     0x08003340       0xf0 CMakeFiles/motor_1.0.elf.dir/Src/main.c.obj
                0x08003340                main
 .text.HAL_MspInit
                0x08003430       0x44 CMakeFiles/motor_1.0.elf.dir/Src/stm32f1xx_hal_msp.c.obj
                0x08003430                HAL_MspInit
 .text.NMI_Handler
                0x08003474        0x2 CMakeFiles/motor_1.0.elf.dir/Src/stm32f1xx_it.c.obj
                0x08003474                NMI_Handler
 .text.HardFault_Handler
                0x08003476        0x2 CMakeFiles/motor_1.0.elf.dir/Src/stm32f1xx_it.c.obj
                0x08003476                HardFault_Handler
 .text.MemManage_Handler
                0x08003478        0x2 CMakeFiles/motor_1.0.elf.dir/Src/stm32f1xx_it.c.obj
                0x08003478                MemManage_Handler
 .text.BusFault_Handler
                0x0800347a        0x2 CMakeFiles/motor_1.0.elf.dir/Src/stm32f1xx_it.c.obj
                0x0800347a                BusFault_Handler
 .text.UsageFault_Handler
                0x0800347c        0x2 CMakeFiles/motor_1.0.elf.dir/Src/stm32f1xx_it.c.obj
                0x0800347c                UsageFault_Handler
 .text.SVC_Handler
                0x0800347e        0x2 CMakeFiles/motor_1.0.elf.dir/Src/stm32f1xx_it.c.obj
                0x0800347e                SVC_Handler
 .text.DebugMon_Handler
                0x08003480        0x2 CMakeFiles/motor_1.0.elf.dir/Src/stm32f1xx_it.c.obj
                0x08003480                DebugMon_Handler
 .text.PendSV_Handler
                0x08003482        0x2 CMakeFiles/motor_1.0.elf.dir/Src/stm32f1xx_it.c.obj
                0x08003482                PendSV_Handler
 .text.SysTick_Handler
                0x08003484        0x8 CMakeFiles/motor_1.0.elf.dir/Src/stm32f1xx_it.c.obj
                0x08003484                SysTick_Handler
 .text.TIM3_IRQHandler
                0x0800348c       0x10 CMakeFiles/motor_1.0.elf.dir/Src/stm32f1xx_it.c.obj
                0x0800348c                TIM3_IRQHandler
 .text.USART1_IRQHandler
                0x0800349c       0x10 CMakeFiles/motor_1.0.elf.dir/Src/stm32f1xx_it.c.obj
                0x0800349c                USART1_IRQHandler
 .text._getpid  0x080034ac        0x4 CMakeFiles/motor_1.0.elf.dir/Src/syscalls.c.obj
                0x080034ac                _getpid
 .text._kill    0x080034b0       0x10 CMakeFiles/motor_1.0.elf.dir/Src/syscalls.c.obj
                0x080034b0                _kill
 .text._exit    0x080034c0        0xc CMakeFiles/motor_1.0.elf.dir/Src/syscalls.c.obj
                0x080034c0                _exit
 .text._read    0x080034cc       0x20 CMakeFiles/motor_1.0.elf.dir/Src/syscalls.c.obj
                0x080034cc                _read
 .text._write   0x080034ec       0x1c CMakeFiles/motor_1.0.elf.dir/Src/syscalls.c.obj
                0x080034ec                _write
 .text._close   0x08003508        0x6 CMakeFiles/motor_1.0.elf.dir/Src/syscalls.c.obj
                0x08003508                _close
 .text._fstat   0x0800350e        0xa CMakeFiles/motor_1.0.elf.dir/Src/syscalls.c.obj
                0x0800350e                _fstat
 .text._isatty  0x08003518        0x4 CMakeFiles/motor_1.0.elf.dir/Src/syscalls.c.obj
                0x08003518                _isatty
 .text._lseek   0x0800351c        0x4 CMakeFiles/motor_1.0.elf.dir/Src/syscalls.c.obj
                0x0800351c                _lseek
 .text._sbrk    0x08003520       0x48 CMakeFiles/motor_1.0.elf.dir/Src/sysmem.c.obj
                0x08003520                _sbrk
 .text.SystemInit
                0x08003568        0x2 CMakeFiles/motor_1.0.elf.dir/Src/system_stm32f1xx.c.obj
                0x08003568                SystemInit
 *fill*         0x0800356a        0x2 
 .text.MX_TIM2_Init
                0x0800356c       0x6c CMakeFiles/motor_1.0.elf.dir/Src/tim.c.obj
                0x0800356c                MX_TIM2_Init
 .text.MX_TIM3_Init
                0x080035d8       0x70 CMakeFiles/motor_1.0.elf.dir/Src/tim.c.obj
                0x080035d8                MX_TIM3_Init
 .text.HAL_TIM_Base_MspInit
                0x08003648       0x60 CMakeFiles/motor_1.0.elf.dir/Src/tim.c.obj
                0x08003648                HAL_TIM_Base_MspInit
 .text.HAL_TIM_Encoder_MspInit
                0x080036a8       0x58 CMakeFiles/motor_1.0.elf.dir/Src/tim.c.obj
                0x080036a8                HAL_TIM_Encoder_MspInit
 .text.HAL_TIM_MspPostInit
                0x08003700       0x50 CMakeFiles/motor_1.0.elf.dir/Src/tim.c.obj
                0x08003700                HAL_TIM_MspPostInit
 .text.MX_TIM1_Init
                0x08003750       0xe8 CMakeFiles/motor_1.0.elf.dir/Src/tim.c.obj
                0x08003750                MX_TIM1_Init
 .text.HAL_UART_RxCpltCallback
                0x08003838       0x7c CMakeFiles/motor_1.0.elf.dir/Src/usart.c.obj
                0x08003838                HAL_UART_RxCpltCallback
 .text.MX_USART1_UART_Init
                0x080038b4       0x34 CMakeFiles/motor_1.0.elf.dir/Src/usart.c.obj
                0x080038b4                MX_USART1_UART_Init
 .text.HAL_UART_MspInit
                0x080038e8       0x88 CMakeFiles/motor_1.0.elf.dir/Src/usart.c.obj
                0x080038e8                HAL_UART_MspInit
 .text.Reset_Handler
                0x08003970       0x48 CMakeFiles/motor_1.0.elf.dir/Startup/startup_stm32f103c8tx.s.obj
                0x08003970                Reset_Handler
 .text.Default_Handler
                0x080039b8        0x2 CMakeFiles/motor_1.0.elf.dir/Startup/startup_stm32f103c8tx.s.obj
                0x080039b8                RTC_Alarm_IRQHandler
                0x080039b8                EXTI2_IRQHandler
                0x080039b8                TIM1_CC_IRQHandler
                0x080039b8                PVD_IRQHandler
                0x080039b8                EXTI3_IRQHandler
                0x080039b8                EXTI0_IRQHandler
                0x080039b8                I2C2_EV_IRQHandler
                0x080039b8                ADC1_2_IRQHandler
                0x080039b8                SPI1_IRQHandler
                0x080039b8                TAMPER_IRQHandler
                0x080039b8                DMA1_Channel4_IRQHandler
                0x080039b8                USART3_IRQHandler
                0x080039b8                RTC_IRQHandler
                0x080039b8                DMA1_Channel7_IRQHandler
                0x080039b8                CAN1_RX1_IRQHandler
                0x080039b8                TIM4_IRQHandler
                0x080039b8                I2C1_EV_IRQHandler
                0x080039b8                DMA1_Channel6_IRQHandler
                0x080039b8                RCC_IRQHandler
                0x080039b8                TIM1_TRG_COM_IRQHandler
                0x080039b8                DMA1_Channel1_IRQHandler
                0x080039b8                Default_Handler
                0x080039b8                EXTI15_10_IRQHandler
                0x080039b8                EXTI9_5_IRQHandler
                0x080039b8                SPI2_IRQHandler
                0x080039b8                DMA1_Channel5_IRQHandler
                0x080039b8                EXTI4_IRQHandler
                0x080039b8                USB_LP_CAN1_RX0_IRQHandler
                0x080039b8                USB_HP_CAN1_TX_IRQHandler
                0x080039b8                DMA1_Channel3_IRQHandler
                0x080039b8                TIM1_UP_IRQHandler
                0x080039b8                WWDG_IRQHandler
                0x080039b8                TIM2_IRQHandler
                0x080039b8                TIM1_BRK_IRQHandler
                0x080039b8                EXTI1_IRQHandler
                0x080039b8                USART2_IRQHandler
                0x080039b8                I2C2_ER_IRQHandler
                0x080039b8                DMA1_Channel2_IRQHandler
                0x080039b8                CAN1_SCE_IRQHandler
                0x080039b8                FLASH_IRQHandler
                0x080039b8                I2C1_ER_IRQHandler
                0x080039b8                USBWakeUp_IRQHandler
 *fill*         0x080039ba        0x2 
 .text.SET_PWM  0x080039bc       0x54 CMakeFiles/motor_1.0.elf.dir/control/control.c.obj
                0x080039bc                SET_PWM
 .text.Xianfu   0x08003a10       0x14 CMakeFiles/motor_1.0.elf.dir/control/control.c.obj
                0x08003a10                Xianfu
 .text.HAL_TIM_PeriodElapsedCallback
                0x08003a24       0xa4 CMakeFiles/motor_1.0.elf.dir/control/control.c.obj
                0x08003a24                HAL_TIM_PeriodElapsedCallback
 .text.Read_Encoder
                0x08003ac8       0x30 CMakeFiles/motor_1.0.elf.dir/encoder/encoder.c.obj
                0x08003ac8                Read_Encoder
 .text.Num_Encoder_Cnt
                0x08003af8       0x26 CMakeFiles/motor_1.0.elf.dir/encoder/encoder.c.obj
                0x08003af8                Num_Encoder_Cnt
 .text.Rpm_Encoder_Cnt
                0x08003b1e       0x46 CMakeFiles/motor_1.0.elf.dir/encoder/encoder.c.obj
                0x08003b1e                Rpm_Encoder_Cnt
 .text.atoff    0x08003b64        0x8 d:/clion/tools/gcc-arm-none-eabi-10.3-2021.10-win32/gcc-arm-none-eabi-10.3-2021.10/bin/../lib/gcc/arm-none-eabi/10.3.1/../../../../arm-none-eabi/lib/thumb/v7-m/nofp\libg.a(lib_a-atoff.o)
                0x08003b64                atoff
 .text.__errno  0x08003b6c        0xc d:/clion/tools/gcc-arm-none-eabi-10.3-2021.10-win32/gcc-arm-none-eabi-10.3-2021.10/bin/../lib/gcc/arm-none-eabi/10.3.1/../../../../arm-none-eabi/lib/thumb/v7-m/nofp\libg.a(lib_a-errno.o)
                0x08003b6c                __errno
 .text.__libc_init_array
                0x08003b78       0x48 d:/clion/tools/gcc-arm-none-eabi-10.3-2021.10-win32/gcc-arm-none-eabi-10.3-2021.10/bin/../lib/gcc/arm-none-eabi/10.3.1/../../../../arm-none-eabi/lib/thumb/v7-m/nofp\libg.a(lib_a-init.o)
                0x08003b78                __libc_init_array
 .text.memset   0x08003bc0       0xa4 d:/clion/tools/gcc-arm-none-eabi-10.3-2021.10-win32/gcc-arm-none-eabi-10.3-2021.10/bin/../lib/gcc/arm-none-eabi/10.3.1/../../../../arm-none-eabi/lib/thumb/v7-m/nofp\libg.a(lib_a-memset.o)
                0x08003bc0                memset
 .text.printf   0x08003c64       0x28 d:/clion/tools/gcc-arm-none-eabi-10.3-2021.10-win32/gcc-arm-none-eabi-10.3-2021.10/bin/../lib/gcc/arm-none-eabi/10.3.1/../../../../arm-none-eabi/lib/thumb/v7-m/nofp\libg.a(lib_a-printf.o)
                0x08003c64                printf
 .text._puts_r  0x08003c8c       0x9c d:/clion/tools/gcc-arm-none-eabi-10.3-2021.10-win32/gcc-arm-none-eabi-10.3-2021.10/bin/../lib/gcc/arm-none-eabi/10.3.1/../../../../arm-none-eabi/lib/thumb/v7-m/nofp\libg.a(lib_a-puts.o)
                0x08003c8c                _puts_r
 .text.puts     0x08003d28       0x10 d:/clion/tools/gcc-arm-none-eabi-10.3-2021.10-win32/gcc-arm-none-eabi-10.3-2021.10/bin/../lib/gcc/arm-none-eabi/10.3.1/../../../../arm-none-eabi/lib/thumb/v7-m/nofp\libg.a(lib_a-puts.o)
                0x08003d28                puts
 .text.strlen   0x08003d38       0x5c d:/clion/tools/gcc-arm-none-eabi-10.3-2021.10-win32/gcc-arm-none-eabi-10.3-2021.10/bin/../lib/gcc/arm-none-eabi/10.3.1/../../../../arm-none-eabi/lib/thumb/v7-m/nofp\libg.a(lib_a-strlen-stub.o)
                0x08003d38                strlen
 *fill*         0x08003d94        0x4 
 .text._strtod_l
                0x08003d98      0xf38 d:/clion/tools/gcc-arm-none-eabi-10.3-2021.10-win32/gcc-arm-none-eabi-10.3-2021.10/bin/../lib/gcc/arm-none-eabi/10.3.1/../../../../arm-none-eabi/lib/thumb/v7-m/nofp\libg.a(lib_a-strtod.o)
                0x08003d98                _strtod_l
 .text.strtof   0x08004cd0       0xa0 d:/clion/tools/gcc-arm-none-eabi-10.3-2021.10-win32/gcc-arm-none-eabi-10.3-2021.10/bin/../lib/gcc/arm-none-eabi/10.3.1/../../../../arm-none-eabi/lib/thumb/v7-m/nofp\libg.a(lib_a-strtod.o)
                0x08004cd0                strtof
 .text._vfprintf_r
                0x08004d70     0x1b58 d:/clion/tools/gcc-arm-none-eabi-10.3-2021.10-win32/gcc-arm-none-eabi-10.3-2021.10/bin/../lib/gcc/arm-none-eabi/10.3.1/../../../../arm-none-eabi/lib/thumb/v7-m/nofp\libg.a(lib_a-vfprintf.o)
                0x08004d70                _vfprintf_r
 .text.__sbprintf
                0x080068c8       0x84 d:/clion/tools/gcc-arm-none-eabi-10.3-2021.10-win32/gcc-arm-none-eabi-10.3-2021.10/bin/../lib/gcc/arm-none-eabi/10.3.1/../../../../arm-none-eabi/lib/thumb/v7-m/nofp\libg.a(lib_a-vfprintf.o)
 .text.__swsetup_r
                0x0800694c       0xd4 d:/clion/tools/gcc-arm-none-eabi-10.3-2021.10-win32/gcc-arm-none-eabi-10.3-2021.10/bin/../lib/gcc/arm-none-eabi/10.3.1/../../../../arm-none-eabi/lib/thumb/v7-m/nofp\libg.a(lib_a-wsetup.o)
                0x0800694c                __swsetup_r
 .text.startup.register_fini
                0x08006a20       0x14 d:/clion/tools/gcc-arm-none-eabi-10.3-2021.10-win32/gcc-arm-none-eabi-10.3-2021.10/bin/../lib/gcc/arm-none-eabi/10.3.1/../../../../arm-none-eabi/lib/thumb/v7-m/nofp\libg.a(lib_a-__call_atexit.o)
 .text.atexit   0x08006a34        0xc d:/clion/tools/gcc-arm-none-eabi-10.3-2021.10-win32/gcc-arm-none-eabi-10.3-2021.10/bin/../lib/gcc/arm-none-eabi/10.3.1/../../../../arm-none-eabi/lib/thumb/v7-m/nofp\libg.a(lib_a-atexit.o)
                0x08006a34                atexit
 .text.quorem   0x08006a40      0x12c d:/clion/tools/gcc-arm-none-eabi-10.3-2021.10-win32/gcc-arm-none-eabi-10.3-2021.10/bin/../lib/gcc/arm-none-eabi/10.3.1/../../../../arm-none-eabi/lib/thumb/v7-m/nofp\libg.a(lib_a-dtoa.o)
 *fill*         0x08006b6c        0x4 
 .text._dtoa_r  0x08006b70      0xecc d:/clion/tools/gcc-arm-none-eabi-10.3-2021.10-win32/gcc-arm-none-eabi-10.3-2021.10/bin/../lib/gcc/arm-none-eabi/10.3.1/../../../../arm-none-eabi/lib/thumb/v7-m/nofp\libg.a(lib_a-dtoa.o)
                0x08006b70                _dtoa_r
 .text.__sflush_r
                0x08007a3c      0x124 d:/clion/tools/gcc-arm-none-eabi-10.3-2021.10-win32/gcc-arm-none-eabi-10.3-2021.10/bin/../lib/gcc/arm-none-eabi/10.3.1/../../../../arm-none-eabi/lib/thumb/v7-m/nofp\libg.a(lib_a-fflush.o)
                0x08007a3c                __sflush_r
 .text._fflush_r
                0x08007b60       0x5c d:/clion/tools/gcc-arm-none-eabi-10.3-2021.10-win32/gcc-arm-none-eabi-10.3-2021.10/bin/../lib/gcc/arm-none-eabi/10.3.1/../../../../arm-none-eabi/lib/thumb/v7-m/nofp\libg.a(lib_a-fflush.o)
                0x08007b60                _fflush_r
 .text._cleanup_r
                0x08007bbc        0xc d:/clion/tools/gcc-arm-none-eabi-10.3-2021.10-win32/gcc-arm-none-eabi-10.3-2021.10/bin/../lib/gcc/arm-none-eabi/10.3.1/../../../../arm-none-eabi/lib/thumb/v7-m/nofp\libg.a(lib_a-findfp.o)
                0x08007bbc                _cleanup_r
 .text.__sinit  0x08007bc8      0x10c d:/clion/tools/gcc-arm-none-eabi-10.3-2021.10-win32/gcc-arm-none-eabi-10.3-2021.10/bin/../lib/gcc/arm-none-eabi/10.3.1/../../../../arm-none-eabi/lib/thumb/v7-m/nofp\libg.a(lib_a-findfp.o)
                0x08007bc8                __sinit
 .text.__sfp_lock_acquire
                0x08007cd4        0xc d:/clion/tools/gcc-arm-none-eabi-10.3-2021.10-win32/gcc-arm-none-eabi-10.3-2021.10/bin/../lib/gcc/arm-none-eabi/10.3.1/../../../../arm-none-eabi/lib/thumb/v7-m/nofp\libg.a(lib_a-findfp.o)
                0x08007cd4                __sfp_lock_acquire
 .text.__sfp_lock_release
                0x08007ce0        0xc d:/clion/tools/gcc-arm-none-eabi-10.3-2021.10-win32/gcc-arm-none-eabi-10.3-2021.10/bin/../lib/gcc/arm-none-eabi/10.3.1/../../../../arm-none-eabi/lib/thumb/v7-m/nofp\libg.a(lib_a-findfp.o)
                0x08007ce0                __sfp_lock_release
 .text.__libc_fini_array
                0x08007cec       0x2c d:/clion/tools/gcc-arm-none-eabi-10.3-2021.10-win32/gcc-arm-none-eabi-10.3-2021.10/bin/../lib/gcc/arm-none-eabi/10.3.1/../../../../arm-none-eabi/lib/thumb/v7-m/nofp\libg.a(lib_a-fini.o)
                0x08007cec                __libc_fini_array
 .text._malloc_trim_r
                0x08007d18       0xa0 d:/clion/tools/gcc-arm-none-eabi-10.3-2021.10-win32/gcc-arm-none-eabi-10.3-2021.10/bin/../lib/gcc/arm-none-eabi/10.3.1/../../../../arm-none-eabi/lib/thumb/v7-m/nofp\libg.a(lib_a-freer.o)
                0x08007d18                _malloc_trim_r
 .text._free_r  0x08007db8      0x200 d:/clion/tools/gcc-arm-none-eabi-10.3-2021.10-win32/gcc-arm-none-eabi-10.3-2021.10/bin/../lib/gcc/arm-none-eabi/10.3.1/../../../../arm-none-eabi/lib/thumb/v7-m/nofp\libg.a(lib_a-freer.o)
                0x08007db8                _free_r
 .text.__sfvwrite_r
                0x08007fb8      0x2f0 d:/clion/tools/gcc-arm-none-eabi-10.3-2021.10-win32/gcc-arm-none-eabi-10.3-2021.10/bin/../lib/gcc/arm-none-eabi/10.3.1/../../../../arm-none-eabi/lib/thumb/v7-m/nofp\libg.a(lib_a-fvwrite.o)
                0x08007fb8                __sfvwrite_r
 .text._fwalk_reent
                0x080082a8       0x48 d:/clion/tools/gcc-arm-none-eabi-10.3-2021.10-win32/gcc-arm-none-eabi-10.3-2021.10/bin/../lib/gcc/arm-none-eabi/10.3.1/../../../../arm-none-eabi/lib/thumb/v7-m/nofp\libg.a(lib_a-fwalk.o)
                0x080082a8                _fwalk_reent
 .text.rshift   0x080082f0       0xa4 d:/clion/tools/gcc-arm-none-eabi-10.3-2021.10-win32/gcc-arm-none-eabi-10.3-2021.10/bin/../lib/gcc/arm-none-eabi/10.3.1/../../../../arm-none-eabi/lib/thumb/v7-m/nofp\libg.a(lib_a-gdtoa-gethex.o)
 .text.__gethex
                0x08008394      0x5c4 d:/clion/tools/gcc-arm-none-eabi-10.3-2021.10-win32/gcc-arm-none-eabi-10.3-2021.10/bin/../lib/gcc/arm-none-eabi/10.3.1/../../../../arm-none-eabi/lib/thumb/v7-m/nofp\libg.a(lib_a-gdtoa-gethex.o)
                0x08008394                __gethex
 .text.__match  0x08008958       0x34 d:/clion/tools/gcc-arm-none-eabi-10.3-2021.10-win32/gcc-arm-none-eabi-10.3-2021.10/bin/../lib/gcc/arm-none-eabi/10.3.1/../../../../arm-none-eabi/lib/thumb/v7-m/nofp\libg.a(lib_a-gdtoa-hexnan.o)
                0x08008958                __match
 .text.__hexnan
                0x0800898c      0x1ac d:/clion/tools/gcc-arm-none-eabi-10.3-2021.10-win32/gcc-arm-none-eabi-10.3-2021.10/bin/../lib/gcc/arm-none-eabi/10.3.1/../../../../arm-none-eabi/lib/thumb/v7-m/nofp\libg.a(lib_a-gdtoa-hexnan.o)
                0x0800898c                __hexnan
 .text.__locale_mb_cur_max
                0x08008b38        0xc d:/clion/tools/gcc-arm-none-eabi-10.3-2021.10-win32/gcc-arm-none-eabi-10.3-2021.10/bin/../lib/gcc/arm-none-eabi/10.3.1/../../../../arm-none-eabi/lib/thumb/v7-m/nofp\libg.a(lib_a-locale.o)
                0x08008b38                __locale_mb_cur_max
 .text._localeconv_r
                0x08008b44        0x8 d:/clion/tools/gcc-arm-none-eabi-10.3-2021.10-win32/gcc-arm-none-eabi-10.3-2021.10/bin/../lib/gcc/arm-none-eabi/10.3.1/../../../../arm-none-eabi/lib/thumb/v7-m/nofp\libg.a(lib_a-localeconv.o)
                0x08008b44                _localeconv_r
 .text.__retarget_lock_init_recursive
                0x08008b4c        0x4 d:/clion/tools/gcc-arm-none-eabi-10.3-2021.10-win32/gcc-arm-none-eabi-10.3-2021.10/bin/../lib/gcc/arm-none-eabi/10.3.1/../../../../arm-none-eabi/lib/thumb/v7-m/nofp\libg.a(lib_a-lock.o)
                0x08008b4c                __retarget_lock_init_recursive
 .text.__retarget_lock_close_recursive
                0x08008b50        0x4 d:/clion/tools/gcc-arm-none-eabi-10.3-2021.10-win32/gcc-arm-none-eabi-10.3-2021.10/bin/../lib/gcc/arm-none-eabi/10.3.1/../../../../arm-none-eabi/lib/thumb/v7-m/nofp\libg.a(lib_a-lock.o)
                0x08008b50                __retarget_lock_close_recursive
 .text.__retarget_lock_acquire_recursive
                0x08008b54        0x4 d:/clion/tools/gcc-arm-none-eabi-10.3-2021.10-win32/gcc-arm-none-eabi-10.3-2021.10/bin/../lib/gcc/arm-none-eabi/10.3.1/../../../../arm-none-eabi/lib/thumb/v7-m/nofp\libg.a(lib_a-lock.o)
                0x08008b54                __retarget_lock_acquire_recursive
 .text.__retarget_lock_release_recursive
                0x08008b58        0x4 d:/clion/tools/gcc-arm-none-eabi-10.3-2021.10-win32/gcc-arm-none-eabi-10.3-2021.10/bin/../lib/gcc/arm-none-eabi/10.3.1/../../../../arm-none-eabi/lib/thumb/v7-m/nofp\libg.a(lib_a-lock.o)
                0x08008b58                __retarget_lock_release_recursive
 .text.__smakebuf_r
                0x08008b5c       0xe0 d:/clion/tools/gcc-arm-none-eabi-10.3-2021.10-win32/gcc-arm-none-eabi-10.3-2021.10/bin/../lib/gcc/arm-none-eabi/10.3.1/../../../../arm-none-eabi/lib/thumb/v7-m/nofp\libg.a(lib_a-makebuf.o)
                0x08008b5c                __smakebuf_r
 .text._malloc_r
                0x08008c3c      0x558 d:/clion/tools/gcc-arm-none-eabi-10.3-2021.10-win32/gcc-arm-none-eabi-10.3-2021.10/bin/../lib/gcc/arm-none-eabi/10.3.1/../../../../arm-none-eabi/lib/thumb/v7-m/nofp\libg.a(lib_a-mallocr.o)
                0x08008c3c                _malloc_r
 .text.__ascii_mbtowc
                0x08009194       0x2c d:/clion/tools/gcc-arm-none-eabi-10.3-2021.10-win32/gcc-arm-none-eabi-10.3-2021.10/bin/../lib/gcc/arm-none-eabi/10.3.1/../../../../arm-none-eabi/lib/thumb/v7-m/nofp\libg.a(lib_a-mbtowc_r.o)
                0x08009194                __ascii_mbtowc
 .text.memchr   0x080091c0       0x90 d:/clion/tools/gcc-arm-none-eabi-10.3-2021.10-win32/gcc-arm-none-eabi-10.3-2021.10/bin/../lib/gcc/arm-none-eabi/10.3.1/../../../../arm-none-eabi/lib/thumb/v7-m/nofp\libg.a(lib_a-memchr-stub.o)
                0x080091c0                memchr
 .text.memmove  0x08009250       0xf8 d:/clion/tools/gcc-arm-none-eabi-10.3-2021.10-win32/gcc-arm-none-eabi-10.3-2021.10/bin/../lib/gcc/arm-none-eabi/10.3.1/../../../../arm-none-eabi/lib/thumb/v7-m/nofp\libg.a(lib_a-memmove.o)
                0x08009250                memmove
 .text.__malloc_lock
                0x08009348        0xc d:/clion/tools/gcc-arm-none-eabi-10.3-2021.10-win32/gcc-arm-none-eabi-10.3-2021.10/bin/../lib/gcc/arm-none-eabi/10.3.1/../../../../arm-none-eabi/lib/thumb/v7-m/nofp\libg.a(lib_a-mlock.o)
                0x08009348                __malloc_lock
 .text.__malloc_unlock
                0x08009354        0xc d:/clion/tools/gcc-arm-none-eabi-10.3-2021.10-win32/gcc-arm-none-eabi-10.3-2021.10/bin/../lib/gcc/arm-none-eabi/10.3.1/../../../../arm-none-eabi/lib/thumb/v7-m/nofp\libg.a(lib_a-mlock.o)
                0x08009354                __malloc_unlock
 .text._Balloc  0x08009360       0x4c d:/clion/tools/gcc-arm-none-eabi-10.3-2021.10-win32/gcc-arm-none-eabi-10.3-2021.10/bin/../lib/gcc/arm-none-eabi/10.3.1/../../../../arm-none-eabi/lib/thumb/v7-m/nofp\libg.a(lib_a-mprec.o)
                0x08009360                _Balloc
 .text._Bfree   0x080093ac       0x14 d:/clion/tools/gcc-arm-none-eabi-10.3-2021.10-win32/gcc-arm-none-eabi-10.3-2021.10/bin/../lib/gcc/arm-none-eabi/10.3.1/../../../../arm-none-eabi/lib/thumb/v7-m/nofp\libg.a(lib_a-mprec.o)
                0x080093ac                _Bfree
 .text.__multadd
                0x080093c0       0xa4 d:/clion/tools/gcc-arm-none-eabi-10.3-2021.10-win32/gcc-arm-none-eabi-10.3-2021.10/bin/../lib/gcc/arm-none-eabi/10.3.1/../../../../arm-none-eabi/lib/thumb/v7-m/nofp\libg.a(lib_a-mprec.o)
                0x080093c0                __multadd
 .text.__s2b    0x08009464       0xb4 d:/clion/tools/gcc-arm-none-eabi-10.3-2021.10-win32/gcc-arm-none-eabi-10.3-2021.10/bin/../lib/gcc/arm-none-eabi/10.3.1/../../../../arm-none-eabi/lib/thumb/v7-m/nofp\libg.a(lib_a-mprec.o)
                0x08009464                __s2b
 .text.__hi0bits
                0x08009518       0x40 d:/clion/tools/gcc-arm-none-eabi-10.3-2021.10-win32/gcc-arm-none-eabi-10.3-2021.10/bin/../lib/gcc/arm-none-eabi/10.3.1/../../../../arm-none-eabi/lib/thumb/v7-m/nofp\libg.a(lib_a-mprec.o)
                0x08009518                __hi0bits
 .text.__lo0bits
                0x08009558       0x58 d:/clion/tools/gcc-arm-none-eabi-10.3-2021.10-win32/gcc-arm-none-eabi-10.3-2021.10/bin/../lib/gcc/arm-none-eabi/10.3.1/../../../../arm-none-eabi/lib/thumb/v7-m/nofp\libg.a(lib_a-mprec.o)
                0x08009558                __lo0bits
 .text.__i2b    0x080095b0       0x5c d:/clion/tools/gcc-arm-none-eabi-10.3-2021.10-win32/gcc-arm-none-eabi-10.3-2021.10/bin/../lib/gcc/arm-none-eabi/10.3.1/../../../../arm-none-eabi/lib/thumb/v7-m/nofp\libg.a(lib_a-mprec.o)
                0x080095b0                __i2b
 .text.__multiply
                0x0800960c      0x15c d:/clion/tools/gcc-arm-none-eabi-10.3-2021.10-win32/gcc-arm-none-eabi-10.3-2021.10/bin/../lib/gcc/arm-none-eabi/10.3.1/../../../../arm-none-eabi/lib/thumb/v7-m/nofp\libg.a(lib_a-mprec.o)
                0x0800960c                __multiply
 .text.__pow5mult
                0x08009768       0xb8 d:/clion/tools/gcc-arm-none-eabi-10.3-2021.10-win32/gcc-arm-none-eabi-10.3-2021.10/bin/../lib/gcc/arm-none-eabi/10.3.1/../../../../arm-none-eabi/lib/thumb/v7-m/nofp\libg.a(lib_a-mprec.o)
                0x08009768                __pow5mult
 .text.__lshift
                0x08009820       0xec d:/clion/tools/gcc-arm-none-eabi-10.3-2021.10-win32/gcc-arm-none-eabi-10.3-2021.10/bin/../lib/gcc/arm-none-eabi/10.3.1/../../../../arm-none-eabi/lib/thumb/v7-m/nofp\libg.a(lib_a-mprec.o)
                0x08009820                __lshift
 .text.__mcmp   0x0800990c       0x40 d:/clion/tools/gcc-arm-none-eabi-10.3-2021.10-win32/gcc-arm-none-eabi-10.3-2021.10/bin/../lib/gcc/arm-none-eabi/10.3.1/../../../../arm-none-eabi/lib/thumb/v7-m/nofp\libg.a(lib_a-mprec.o)
                0x0800990c                __mcmp
 .text.__mdiff  0x0800994c      0x14c d:/clion/tools/gcc-arm-none-eabi-10.3-2021.10-win32/gcc-arm-none-eabi-10.3-2021.10/bin/../lib/gcc/arm-none-eabi/10.3.1/../../../../arm-none-eabi/lib/thumb/v7-m/nofp\libg.a(lib_a-mprec.o)
                0x0800994c                __mdiff
 .text.__ulp    0x08009a98       0x44 d:/clion/tools/gcc-arm-none-eabi-10.3-2021.10-win32/gcc-arm-none-eabi-10.3-2021.10/bin/../lib/gcc/arm-none-eabi/10.3.1/../../../../arm-none-eabi/lib/thumb/v7-m/nofp\libg.a(lib_a-mprec.o)
                0x08009a98                __ulp
 .text.__b2d    0x08009adc       0xd0 d:/clion/tools/gcc-arm-none-eabi-10.3-2021.10-win32/gcc-arm-none-eabi-10.3-2021.10/bin/../lib/gcc/arm-none-eabi/10.3.1/../../../../arm-none-eabi/lib/thumb/v7-m/nofp\libg.a(lib_a-mprec.o)
                0x08009adc                __b2d
 .text.__d2b    0x08009bac       0xc4 d:/clion/tools/gcc-arm-none-eabi-10.3-2021.10-win32/gcc-arm-none-eabi-10.3-2021.10/bin/../lib/gcc/arm-none-eabi/10.3.1/../../../../arm-none-eabi/lib/thumb/v7-m/nofp\libg.a(lib_a-mprec.o)
                0x08009bac                __d2b
 .text.__ratio  0x08009c70       0x60 d:/clion/tools/gcc-arm-none-eabi-10.3-2021.10-win32/gcc-arm-none-eabi-10.3-2021.10/bin/../lib/gcc/arm-none-eabi/10.3.1/../../../../arm-none-eabi/lib/thumb/v7-m/nofp\libg.a(lib_a-mprec.o)
                0x08009c70                __ratio
 .text.__copybits
                0x08009cd0       0x60 d:/clion/tools/gcc-arm-none-eabi-10.3-2021.10-win32/gcc-arm-none-eabi-10.3-2021.10/bin/../lib/gcc/arm-none-eabi/10.3.1/../../../../arm-none-eabi/lib/thumb/v7-m/nofp\libg.a(lib_a-mprec.o)
                0x08009cd0                __copybits
 .text.__any_on
                0x08009d30       0x60 d:/clion/tools/gcc-arm-none-eabi-10.3-2021.10-win32/gcc-arm-none-eabi-10.3-2021.10/bin/../lib/gcc/arm-none-eabi/10.3.1/../../../../arm-none-eabi/lib/thumb/v7-m/nofp\libg.a(lib_a-mprec.o)
                0x08009d30                __any_on
 .text._realloc_r
                0x08009d90      0x3dc d:/clion/tools/gcc-arm-none-eabi-10.3-2021.10-win32/gcc-arm-none-eabi-10.3-2021.10/bin/../lib/gcc/arm-none-eabi/10.3.1/../../../../arm-none-eabi/lib/thumb/v7-m/nofp\libg.a(lib_a-reallocr.o)
                0x08009d90                _realloc_r
 .text.frexp    0x0800a16c       0x70 d:/clion/tools/gcc-arm-none-eabi-10.3-2021.10-win32/gcc-arm-none-eabi-10.3-2021.10/bin/../lib/gcc/arm-none-eabi/10.3.1/../../../../arm-none-eabi/lib/thumb/v7-m/nofp\libg.a(lib_a-s_frexp.o)
                0x0800a16c                frexp
 .text.nan      0x0800a1dc        0xc d:/clion/tools/gcc-arm-none-eabi-10.3-2021.10-win32/gcc-arm-none-eabi-10.3-2021.10/bin/../lib/gcc/arm-none-eabi/10.3.1/../../../../arm-none-eabi/lib/thumb/v7-m/nofp\libg.a(lib_a-s_nan.o)
                0x0800a1dc                nan
 .text._sbrk_r  0x0800a1e8       0x24 d:/clion/tools/gcc-arm-none-eabi-10.3-2021.10-win32/gcc-arm-none-eabi-10.3-2021.10/bin/../lib/gcc/arm-none-eabi/10.3.1/../../../../arm-none-eabi/lib/thumb/v7-m/nofp\libg.a(lib_a-sbrkr.o)
                0x0800a1e8                _sbrk_r
 .text.nanf     0x0800a20c        0x8 d:/clion/tools/gcc-arm-none-eabi-10.3-2021.10-win32/gcc-arm-none-eabi-10.3-2021.10/bin/../lib/gcc/arm-none-eabi/10.3.1/../../../../arm-none-eabi/lib/thumb/v7-m/nofp\libg.a(lib_a-sf_nan.o)
                0x0800a20c                nanf
 .text.__sread  0x0800a214       0x24 d:/clion/tools/gcc-arm-none-eabi-10.3-2021.10-win32/gcc-arm-none-eabi-10.3-2021.10/bin/../lib/gcc/arm-none-eabi/10.3.1/../../../../arm-none-eabi/lib/thumb/v7-m/nofp\libg.a(lib_a-stdio.o)
                0x0800a214                __sread
 .text.__swrite
                0x0800a238       0x40 d:/clion/tools/gcc-arm-none-eabi-10.3-2021.10-win32/gcc-arm-none-eabi-10.3-2021.10/bin/../lib/gcc/arm-none-eabi/10.3.1/../../../../arm-none-eabi/lib/thumb/v7-m/nofp\libg.a(lib_a-stdio.o)
                0x0800a238                __swrite
 .text.__sseek  0x0800a278       0x20 d:/clion/tools/gcc-arm-none-eabi-10.3-2021.10-win32/gcc-arm-none-eabi-10.3-2021.10/bin/../lib/gcc/arm-none-eabi/10.3.1/../../../../arm-none-eabi/lib/thumb/v7-m/nofp\libg.a(lib_a-stdio.o)
                0x0800a278                __sseek
 .text.__sclose
                0x0800a298        0x8 d:/clion/tools/gcc-arm-none-eabi-10.3-2021.10-win32/gcc-arm-none-eabi-10.3-2021.10/bin/../lib/gcc/arm-none-eabi/10.3.1/../../../../arm-none-eabi/lib/thumb/v7-m/nofp\libg.a(lib_a-stdio.o)
                0x0800a298                __sclose
 .text.strncmp  0x0800a2a0       0x7c d:/clion/tools/gcc-arm-none-eabi-10.3-2021.10-win32/gcc-arm-none-eabi-10.3-2021.10/bin/../lib/gcc/arm-none-eabi/10.3.1/../../../../arm-none-eabi/lib/thumb/v7-m/nofp\libg.a(lib_a-strncmp.o)
                0x0800a2a0                strncmp
 .text.strncpy  0x0800a31c       0x68 d:/clion/tools/gcc-arm-none-eabi-10.3-2021.10-win32/gcc-arm-none-eabi-10.3-2021.10/bin/../lib/gcc/arm-none-eabi/10.3.1/../../../../arm-none-eabi/lib/thumb/v7-m/nofp\libg.a(lib_a-strncpy.o)
                0x0800a31c                strncpy
 .text.__sprint_r.part.0
                0x0800a384       0x78 d:/clion/tools/gcc-arm-none-eabi-10.3-2021.10-win32/gcc-arm-none-eabi-10.3-2021.10/bin/../lib/gcc/arm-none-eabi/10.3.1/../../../../arm-none-eabi/lib/thumb/v7-m/nofp\libg.a(lib_a-vfiprintf.o)
 .text.__sprint_r
                0x0800a3fc       0x14 d:/clion/tools/gcc-arm-none-eabi-10.3-2021.10-win32/gcc-arm-none-eabi-10.3-2021.10/bin/../lib/gcc/arm-none-eabi/10.3.1/../../../../arm-none-eabi/lib/thumb/v7-m/nofp\libg.a(lib_a-vfiprintf.o)
                0x0800a3fc                __sprint_r
 .text._vfiprintf_r
                0x0800a410      0xd98 d:/clion/tools/gcc-arm-none-eabi-10.3-2021.10-win32/gcc-arm-none-eabi-10.3-2021.10/bin/../lib/gcc/arm-none-eabi/10.3.1/../../../../arm-none-eabi/lib/thumb/v7-m/nofp\libg.a(lib_a-vfiprintf.o)
                0x0800a410                _vfiprintf_r
 .text.__sbprintf
                0x0800b1a8       0x84 d:/clion/tools/gcc-arm-none-eabi-10.3-2021.10-win32/gcc-arm-none-eabi-10.3-2021.10/bin/../lib/gcc/arm-none-eabi/10.3.1/../../../../arm-none-eabi/lib/thumb/v7-m/nofp\libg.a(lib_a-vfiprintf.o)
 .text.__ascii_wctomb
                0x0800b22c       0x1c d:/clion/tools/gcc-arm-none-eabi-10.3-2021.10-win32/gcc-arm-none-eabi-10.3-2021.10/bin/../lib/gcc/arm-none-eabi/10.3.1/../../../../arm-none-eabi/lib/thumb/v7-m/nofp\libg.a(lib_a-wctomb_r.o)
                0x0800b22c                __ascii_wctomb
 .text._write_r
                0x0800b248       0x2c d:/clion/tools/gcc-arm-none-eabi-10.3-2021.10-win32/gcc-arm-none-eabi-10.3-2021.10/bin/../lib/gcc/arm-none-eabi/10.3.1/../../../../arm-none-eabi/lib/thumb/v7-m/nofp\libg.a(lib_a-writer.o)
                0x0800b248                _write_r
 .text.__register_exitproc
                0x0800b274       0x8c d:/clion/tools/gcc-arm-none-eabi-10.3-2021.10-win32/gcc-arm-none-eabi-10.3-2021.10/bin/../lib/gcc/arm-none-eabi/10.3.1/../../../../arm-none-eabi/lib/thumb/v7-m/nofp\libg.a(lib_a-__atexit.o)
                0x0800b274                __register_exitproc
 .text.__assert_func
                0x0800b300       0x40 d:/clion/tools/gcc-arm-none-eabi-10.3-2021.10-win32/gcc-arm-none-eabi-10.3-2021.10/bin/../lib/gcc/arm-none-eabi/10.3.1/../../../../arm-none-eabi/lib/thumb/v7-m/nofp\libg.a(lib_a-assert.o)
                0x0800b300                __assert_func
 .text._calloc_r
                0x0800b340       0x78 d:/clion/tools/gcc-arm-none-eabi-10.3-2021.10-win32/gcc-arm-none-eabi-10.3-2021.10/bin/../lib/gcc/arm-none-eabi/10.3.1/../../../../arm-none-eabi/lib/thumb/v7-m/nofp\libg.a(lib_a-callocr.o)
                0x0800b340                _calloc_r
 .text._close_r
                0x0800b3b8       0x24 d:/clion/tools/gcc-arm-none-eabi-10.3-2021.10-win32/gcc-arm-none-eabi-10.3-2021.10/bin/../lib/gcc/arm-none-eabi/10.3.1/../../../../arm-none-eabi/lib/thumb/v7-m/nofp\libg.a(lib_a-closer.o)
                0x0800b3b8                _close_r
 .text._fclose_r
                0x0800b3dc       0xcc d:/clion/tools/gcc-arm-none-eabi-10.3-2021.10-win32/gcc-arm-none-eabi-10.3-2021.10/bin/../lib/gcc/arm-none-eabi/10.3.1/../../../../arm-none-eabi/lib/thumb/v7-m/nofp\libg.a(lib_a-fclose.o)
                0x0800b3dc                _fclose_r
 .text.fiprintf
                0x0800b4a8       0x28 d:/clion/tools/gcc-arm-none-eabi-10.3-2021.10-win32/gcc-arm-none-eabi-10.3-2021.10/bin/../lib/gcc/arm-none-eabi/10.3.1/../../../../arm-none-eabi/lib/thumb/v7-m/nofp\libg.a(lib_a-fiprintf.o)
                0x0800b4a8                fiprintf
 .text.__fputwc
                0x0800b4d0       0xa0 d:/clion/tools/gcc-arm-none-eabi-10.3-2021.10-win32/gcc-arm-none-eabi-10.3-2021.10/bin/../lib/gcc/arm-none-eabi/10.3.1/../../../../arm-none-eabi/lib/thumb/v7-m/nofp\libg.a(lib_a-fputwc.o)
                0x0800b4d0                __fputwc
 .text._fputwc_r
                0x0800b570       0x68 d:/clion/tools/gcc-arm-none-eabi-10.3-2021.10-win32/gcc-arm-none-eabi-10.3-2021.10/bin/../lib/gcc/arm-none-eabi/10.3.1/../../../../arm-none-eabi/lib/thumb/v7-m/nofp\libg.a(lib_a-fputwc.o)
                0x0800b570                _fputwc_r
 .text._fstat_r
                0x0800b5d8       0x28 d:/clion/tools/gcc-arm-none-eabi-10.3-2021.10-win32/gcc-arm-none-eabi-10.3-2021.10/bin/../lib/gcc/arm-none-eabi/10.3.1/../../../../arm-none-eabi/lib/thumb/v7-m/nofp\libg.a(lib_a-fstatr.o)
                0x0800b5d8                _fstat_r
 .text._isatty_r
                0x0800b600       0x24 d:/clion/tools/gcc-arm-none-eabi-10.3-2021.10-win32/gcc-arm-none-eabi-10.3-2021.10/bin/../lib/gcc/arm-none-eabi/10.3.1/../../../../arm-none-eabi/lib/thumb/v7-m/nofp\libg.a(lib_a-isattyr.o)
                0x0800b600                _isatty_r
 .text._lseek_r
                0x0800b624       0x2c d:/clion/tools/gcc-arm-none-eabi-10.3-2021.10-win32/gcc-arm-none-eabi-10.3-2021.10/bin/../lib/gcc/arm-none-eabi/10.3.1/../../../../arm-none-eabi/lib/thumb/v7-m/nofp\libg.a(lib_a-lseekr.o)
                0x0800b624                _lseek_r
 .text._read_r  0x0800b650       0x2c d:/clion/tools/gcc-arm-none-eabi-10.3-2021.10-win32/gcc-arm-none-eabi-10.3-2021.10/bin/../lib/gcc/arm-none-eabi/10.3.1/../../../../arm-none-eabi/lib/thumb/v7-m/nofp\libg.a(lib_a-readr.o)
                0x0800b650                _read_r
 .text.__swbuf_r
                0x0800b67c       0xb0 d:/clion/tools/gcc-arm-none-eabi-10.3-2021.10-win32/gcc-arm-none-eabi-10.3-2021.10/bin/../lib/gcc/arm-none-eabi/10.3.1/../../../../arm-none-eabi/lib/thumb/v7-m/nofp\libg.a(lib_a-wbuf.o)
                0x0800b67c                __swbuf_r
 .text._wcrtomb_r
                0x0800b72c       0x3c d:/clion/tools/gcc-arm-none-eabi-10.3-2021.10-win32/gcc-arm-none-eabi-10.3-2021.10/bin/../lib/gcc/arm-none-eabi/10.3.1/../../../../arm-none-eabi/lib/thumb/v7-m/nofp\libg.a(lib_a-wcrtomb.o)
                0x0800b72c                _wcrtomb_r
 .text.abort    0x0800b768       0x10 d:/clion/tools/gcc-arm-none-eabi-10.3-2021.10-win32/gcc-arm-none-eabi-10.3-2021.10/bin/../lib/gcc/arm-none-eabi/10.3.1/../../../../arm-none-eabi/lib/thumb/v7-m/nofp\libg.a(lib_a-abort.o)
                0x0800b768                abort
 .text.raise    0x0800b778       0x5c d:/clion/tools/gcc-arm-none-eabi-10.3-2021.10-win32/gcc-arm-none-eabi-10.3-2021.10/bin/../lib/gcc/arm-none-eabi/10.3.1/../../../../arm-none-eabi/lib/thumb/v7-m/nofp\libg.a(lib_a-signal.o)
                0x0800b778                raise
 .text._kill_r  0x0800b7d4       0x28 d:/clion/tools/gcc-arm-none-eabi-10.3-2021.10-win32/gcc-arm-none-eabi-10.3-2021.10/bin/../lib/gcc/arm-none-eabi/10.3.1/../../../../arm-none-eabi/lib/thumb/v7-m/nofp\libg.a(lib_a-signalr.o)
                0x0800b7d4                _kill_r
 .text._getpid_r
                0x0800b7fc        0x4 d:/clion/tools/gcc-arm-none-eabi-10.3-2021.10-win32/gcc-arm-none-eabi-10.3-2021.10/bin/../lib/gcc/arm-none-eabi/10.3.1/../../../../arm-none-eabi/lib/thumb/v7-m/nofp\libg.a(lib_a-signalr.o)
                0x0800b7fc                _getpid_r
 *(.glue_7)
 .glue_7        0x0800b800        0x0 linker stubs
 *(.glue_7t)
 .glue_7t       0x0800b800        0x0 linker stubs
 *(.eh_frame)
 .eh_frame      0x0800b800        0x0 d:/clion/tools/gcc-arm-none-eabi-10.3-2021.10-win32/gcc-arm-none-eabi-10.3-2021.10/bin/../lib/gcc/arm-none-eabi/10.3.1/thumb/v7-m/nofp/crtbegin.o
 *(.init)
 .init          0x0800b800        0x4 d:/clion/tools/gcc-arm-none-eabi-10.3-2021.10-win32/gcc-arm-none-eabi-10.3-2021.10/bin/../lib/gcc/arm-none-eabi/10.3.1/thumb/v7-m/nofp/crti.o
                0x0800b800                _init
 .init          0x0800b804        0x8 d:/clion/tools/gcc-arm-none-eabi-10.3-2021.10-win32/gcc-arm-none-eabi-10.3-2021.10/bin/../lib/gcc/arm-none-eabi/10.3.1/thumb/v7-m/nofp/crtn.o
 *(.fini)
 .fini          0x0800b80c        0x4 d:/clion/tools/gcc-arm-none-eabi-10.3-2021.10-win32/gcc-arm-none-eabi-10.3-2021.10/bin/../lib/gcc/arm-none-eabi/10.3.1/thumb/v7-m/nofp/crti.o
                0x0800b80c                _fini
 .fini          0x0800b810        0x8 d:/clion/tools/gcc-arm-none-eabi-10.3-2021.10-win32/gcc-arm-none-eabi-10.3-2021.10/bin/../lib/gcc/arm-none-eabi/10.3.1/thumb/v7-m/nofp/crtn.o
                0x0800b818                . = ALIGN (0x4)
                0x0800b818                _etext = .

.vfp11_veneer   0x0800b818        0x0
 .vfp11_veneer  0x0800b818        0x0 linker stubs

.v4_bx          0x0800b818        0x0
 .v4_bx         0x0800b818        0x0 linker stubs

.iplt           0x0800b818        0x0
 .iplt          0x0800b818        0x0 d:/clion/tools/gcc-arm-none-eabi-10.3-2021.10-win32/gcc-arm-none-eabi-10.3-2021.10/bin/../lib/gcc/arm-none-eabi/10.3.1/thumb/v7-m/nofp/crtbegin.o

.rodata         0x0800b818      0x638
                0x0800b818                . = ALIGN (0x4)
 *(.rodata)
 *(.rodata*)
 .rodata.aPLLMULFactorTable.1
                0x0800b818       0x10 CMakeFiles/motor_1.0.elf.dir/Drivers/STM32F1xx_HAL_Driver/Src/stm32f1xx_hal_rcc.c.obj
 .rodata.aPredivFactorTable.0
                0x0800b828        0x2 CMakeFiles/motor_1.0.elf.dir/Drivers/STM32F1xx_HAL_Driver/Src/stm32f1xx_hal_rcc.c.obj
 *fill*         0x0800b82a        0x2 
 .rodata.main.str1.4
                0x0800b82c       0x10 CMakeFiles/motor_1.0.elf.dir/Src/main.c.obj
 .rodata.AHBPrescTable
                0x0800b83c       0x10 CMakeFiles/motor_1.0.elf.dir/Src/system_stm32f1xx.c.obj
                0x0800b83c                AHBPrescTable
 .rodata.APBPrescTable
                0x0800b84c        0x8 CMakeFiles/motor_1.0.elf.dir/Src/system_stm32f1xx.c.obj
                0x0800b84c                APBPrescTable
 .rodata.HAL_UART_RxCpltCallback.str1.4
                0x0800b854        0x4 CMakeFiles/motor_1.0.elf.dir/Src/usart.c.obj
 .rodata._global_impure_ptr
                0x0800b858        0x4 d:/clion/tools/gcc-arm-none-eabi-10.3-2021.10-win32/gcc-arm-none-eabi-10.3-2021.10/bin/../lib/gcc/arm-none-eabi/10.3.1/../../../../arm-none-eabi/lib/thumb/v7-m/nofp\libg.a(lib_a-impure.o)
                0x0800b858                _global_impure_ptr
 .rodata._puts_r.str1.4
                0x0800b85c        0x2 d:/clion/tools/gcc-arm-none-eabi-10.3-2021.10-win32/gcc-arm-none-eabi-10.3-2021.10/bin/../lib/gcc/arm-none-eabi/10.3.1/../../../../arm-none-eabi/lib/thumb/v7-m/nofp\libg.a(lib_a-puts.o)
 *fill*         0x0800b85e        0x2 
 .rodata._strtod_l.str1.4
                0x0800b860        0xf d:/clion/tools/gcc-arm-none-eabi-10.3-2021.10-win32/gcc-arm-none-eabi-10.3-2021.10/bin/../lib/gcc/arm-none-eabi/10.3.1/../../../../arm-none-eabi/lib/thumb/v7-m/nofp\libg.a(lib_a-strtod.o)
                                 0x11 (size before relaxing)
 *fill*         0x0800b86f        0x1 
 .rodata.fpi.1  0x0800b870       0x14 d:/clion/tools/gcc-arm-none-eabi-10.3-2021.10-win32/gcc-arm-none-eabi-10.3-2021.10/bin/../lib/gcc/arm-none-eabi/10.3.1/../../../../arm-none-eabi/lib/thumb/v7-m/nofp\libg.a(lib_a-strtod.o)
 .rodata.fpinan.0
                0x0800b884       0x14 d:/clion/tools/gcc-arm-none-eabi-10.3-2021.10-win32/gcc-arm-none-eabi-10.3-2021.10/bin/../lib/gcc/arm-none-eabi/10.3.1/../../../../arm-none-eabi/lib/thumb/v7-m/nofp\libg.a(lib_a-strtod.o)
 .rodata.tinytens
                0x0800b898       0x28 d:/clion/tools/gcc-arm-none-eabi-10.3-2021.10-win32/gcc-arm-none-eabi-10.3-2021.10/bin/../lib/gcc/arm-none-eabi/10.3.1/../../../../arm-none-eabi/lib/thumb/v7-m/nofp\libg.a(lib_a-strtod.o)
 .rodata._vfprintf_r.str1.4
                0x0800b8c0       0x42 d:/clion/tools/gcc-arm-none-eabi-10.3-2021.10-win32/gcc-arm-none-eabi-10.3-2021.10/bin/../lib/gcc/arm-none-eabi/10.3.1/../../../../arm-none-eabi/lib/thumb/v7-m/nofp\libg.a(lib_a-vfprintf.o)
 *fill*         0x0800b902        0x2 
 .rodata.blanks.1
                0x0800b904       0x10 d:/clion/tools/gcc-arm-none-eabi-10.3-2021.10-win32/gcc-arm-none-eabi-10.3-2021.10/bin/../lib/gcc/arm-none-eabi/10.3.1/../../../../arm-none-eabi/lib/thumb/v7-m/nofp\libg.a(lib_a-vfprintf.o)
 .rodata.zeroes.0
                0x0800b914       0x10 d:/clion/tools/gcc-arm-none-eabi-10.3-2021.10-win32/gcc-arm-none-eabi-10.3-2021.10/bin/../lib/gcc/arm-none-eabi/10.3.1/../../../../arm-none-eabi/lib/thumb/v7-m/nofp\libg.a(lib_a-vfprintf.o)
 .rodata._dtoa_r.str1.4
                0x0800b924       0xa2 d:/clion/tools/gcc-arm-none-eabi-10.3-2021.10-win32/gcc-arm-none-eabi-10.3-2021.10/bin/../lib/gcc/arm-none-eabi/10.3.1/../../../../arm-none-eabi/lib/thumb/v7-m/nofp\libg.a(lib_a-dtoa.o)
                                 0xa6 (size before relaxing)
 *fill*         0x0800b9c6        0x2 
 .rodata.__gethex.str1.4
                0x0800b9c8       0x86 d:/clion/tools/gcc-arm-none-eabi-10.3-2021.10-win32/gcc-arm-none-eabi-10.3-2021.10/bin/../lib/gcc/arm-none-eabi/10.3.1/../../../../arm-none-eabi/lib/thumb/v7-m/nofp\libg.a(lib_a-gdtoa-gethex.o)
                                 0x9a (size before relaxing)
 *fill*         0x0800ba4e        0x2 
 .rodata.__hexdig
                0x0800ba50      0x100 d:/clion/tools/gcc-arm-none-eabi-10.3-2021.10-win32/gcc-arm-none-eabi-10.3-2021.10/bin/../lib/gcc/arm-none-eabi/10.3.1/../../../../arm-none-eabi/lib/thumb/v7-m/nofp\libg.a(lib_a-gdtoa-gethex.o)
                0x0800ba50                __hexdig
 .rodata.str1.4
                0x0800bb50        0x2 d:/clion/tools/gcc-arm-none-eabi-10.3-2021.10-win32/gcc-arm-none-eabi-10.3-2021.10/bin/../lib/gcc/arm-none-eabi/10.3.1/../../../../arm-none-eabi/lib/thumb/v7-m/nofp\libg.a(lib_a-lnumeric.o)
                                  0x5 (size before relaxing)
 *fill*         0x0800bb52        0x2 
 .rodata._C_numeric_locale
                0x0800bb54        0xc d:/clion/tools/gcc-arm-none-eabi-10.3-2021.10-win32/gcc-arm-none-eabi-10.3-2021.10/bin/../lib/gcc/arm-none-eabi/10.3.1/../../../../arm-none-eabi/lib/thumb/v7-m/nofp\libg.a(lib_a-lnumeric.o)
                0x0800bb54                _C_numeric_locale
 .rodata._setlocale_r.str1.4
                0x0800bb60        0xa d:/clion/tools/gcc-arm-none-eabi-10.3-2021.10-win32/gcc-arm-none-eabi-10.3-2021.10/bin/../lib/gcc/arm-none-eabi/10.3.1/../../../../arm-none-eabi/lib/thumb/v7-m/nofp\libg.a(lib_a-locale.o)
                                  0xd (size before relaxing)
 .rodata.str1.4
                0x0800bb6a        0x2 d:/clion/tools/gcc-arm-none-eabi-10.3-2021.10-win32/gcc-arm-none-eabi-10.3-2021.10/bin/../lib/gcc/arm-none-eabi/10.3.1/../../../../arm-none-eabi/lib/thumb/v7-m/nofp\libg.a(lib_a-locale.o)
 *fill*         0x0800bb6a        0x2 
 .rodata.__multadd.str1.4
                0x0800bb6c       0x7f d:/clion/tools/gcc-arm-none-eabi-10.3-2021.10-win32/gcc-arm-none-eabi-10.3-2021.10/bin/../lib/gcc/arm-none-eabi/10.3.1/../../../../arm-none-eabi/lib/thumb/v7-m/nofp\libg.a(lib_a-mprec.o)
                                 0x93 (size before relaxing)
 *fill*         0x0800bbeb        0x5 
 .rodata.__mprec_bigtens
                0x0800bbf0       0x28 d:/clion/tools/gcc-arm-none-eabi-10.3-2021.10-win32/gcc-arm-none-eabi-10.3-2021.10/bin/../lib/gcc/arm-none-eabi/10.3.1/../../../../arm-none-eabi/lib/thumb/v7-m/nofp\libg.a(lib_a-mprec.o)
                0x0800bbf0                __mprec_bigtens
 .rodata.__mprec_tens
                0x0800bc18       0xc8 d:/clion/tools/gcc-arm-none-eabi-10.3-2021.10-win32/gcc-arm-none-eabi-10.3-2021.10/bin/../lib/gcc/arm-none-eabi/10.3.1/../../../../arm-none-eabi/lib/thumb/v7-m/nofp\libg.a(lib_a-mprec.o)
                0x0800bc18                __mprec_tens
 .rodata.p05.0  0x0800bce0        0xc d:/clion/tools/gcc-arm-none-eabi-10.3-2021.10-win32/gcc-arm-none-eabi-10.3-2021.10/bin/../lib/gcc/arm-none-eabi/10.3.1/../../../../arm-none-eabi/lib/thumb/v7-m/nofp\libg.a(lib_a-mprec.o)
 .rodata._vfiprintf_r.str1.4
                0x0800bcec       0x2f d:/clion/tools/gcc-arm-none-eabi-10.3-2021.10-win32/gcc-arm-none-eabi-10.3-2021.10/bin/../lib/gcc/arm-none-eabi/10.3.1/../../../../arm-none-eabi/lib/thumb/v7-m/nofp\libg.a(lib_a-vfiprintf.o)
 .rodata.blanks.1
                0x0800bcec       0x10 d:/clion/tools/gcc-arm-none-eabi-10.3-2021.10-win32/gcc-arm-none-eabi-10.3-2021.10/bin/../lib/gcc/arm-none-eabi/10.3.1/../../../../arm-none-eabi/lib/thumb/v7-m/nofp\libg.a(lib_a-vfiprintf.o)
 .rodata.zeroes.0
                0x0800bcfc       0x10 d:/clion/tools/gcc-arm-none-eabi-10.3-2021.10-win32/gcc-arm-none-eabi-10.3-2021.10/bin/../lib/gcc/arm-none-eabi/10.3.1/../../../../arm-none-eabi/lib/thumb/v7-m/nofp\libg.a(lib_a-vfiprintf.o)
 .rodata.__assert_func.str1.4
                0x0800bd0c       0x3f d:/clion/tools/gcc-arm-none-eabi-10.3-2021.10-win32/gcc-arm-none-eabi-10.3-2021.10/bin/../lib/gcc/arm-none-eabi/10.3.1/../../../../arm-none-eabi/lib/thumb/v7-m/nofp\libg.a(lib_a-assert.o)
                                 0x43 (size before relaxing)
 *fill*         0x0800bd4b        0x1 
 .rodata._ctype_
                0x0800bd4c      0x101 d:/clion/tools/gcc-arm-none-eabi-10.3-2021.10-win32/gcc-arm-none-eabi-10.3-2021.10/bin/../lib/gcc/arm-none-eabi/10.3.1/../../../../arm-none-eabi/lib/thumb/v7-m/nofp\libg.a(lib_a-ctype_.o)
                0x0800bd4c                _ctype_
                0x0800be50                . = ALIGN (0x4)
 *fill*         0x0800be4d        0x3 

.ARM.extab      0x0800be50        0x0
                0x0800be50                . = ALIGN (0x4)
 *(.ARM.extab* .gnu.linkonce.armextab.*)
                0x0800be50                . = ALIGN (0x4)

.ARM            0x0800be50        0x8
                0x0800be50                . = ALIGN (0x4)
                0x0800be50                __exidx_start = .
 *(.ARM.exidx*)
 .ARM.exidx     0x0800be50        0x8 d:/clion/tools/gcc-arm-none-eabi-10.3-2021.10-win32/gcc-arm-none-eabi-10.3-2021.10/bin/../lib/gcc/arm-none-eabi/10.3.1/thumb/v7-m/nofp\libgcc.a(_udivmoddi4.o)
                0x0800be58                __exidx_end = .
                0x0800be58                . = ALIGN (0x4)

.rel.dyn        0x0800be58        0x0
 .rel.iplt      0x0800be58        0x0 d:/clion/tools/gcc-arm-none-eabi-10.3-2021.10-win32/gcc-arm-none-eabi-10.3-2021.10/bin/../lib/gcc/arm-none-eabi/10.3.1/thumb/v7-m/nofp/crtbegin.o

.preinit_array  0x0800be58        0x0
                0x0800be58                . = ALIGN (0x4)
                0x0800be58                PROVIDE (__preinit_array_start = .)
 *(.preinit_array*)
                0x0800be58                PROVIDE (__preinit_array_end = .)
                0x0800be58                . = ALIGN (0x4)

.init_array     0x0800be58        0x8
                0x0800be58                . = ALIGN (0x4)
                0x0800be58                PROVIDE (__init_array_start = .)
 *(SORT_BY_NAME(.init_array.*))
 .init_array.00000
                0x0800be58        0x4 d:/clion/tools/gcc-arm-none-eabi-10.3-2021.10-win32/gcc-arm-none-eabi-10.3-2021.10/bin/../lib/gcc/arm-none-eabi/10.3.1/../../../../arm-none-eabi/lib/thumb/v7-m/nofp\libg.a(lib_a-__call_atexit.o)
 *(.init_array*)
 .init_array    0x0800be5c        0x4 d:/clion/tools/gcc-arm-none-eabi-10.3-2021.10-win32/gcc-arm-none-eabi-10.3-2021.10/bin/../lib/gcc/arm-none-eabi/10.3.1/thumb/v7-m/nofp/crtbegin.o
                0x0800be60                PROVIDE (__init_array_end = .)
                0x0800be60                . = ALIGN (0x4)

.fini_array     0x0800be60        0x4
                0x0800be60                . = ALIGN (0x4)
                0x0800be60                PROVIDE (__fini_array_start = .)
 *(SORT_BY_NAME(.fini_array.*))
 *(.fini_array*)
 .fini_array    0x0800be60        0x4 d:/clion/tools/gcc-arm-none-eabi-10.3-2021.10-win32/gcc-arm-none-eabi-10.3-2021.10/bin/../lib/gcc/arm-none-eabi/10.3.1/thumb/v7-m/nofp/crtbegin.o
                0x0800be64                PROVIDE (__fini_array_end = .)
                0x0800be64                . = ALIGN (0x4)
                0x0800be64                _sidata = LOADADDR (.data)

.data           0x20000000      0x9bc load address 0x0800be64
                0x20000000                . = ALIGN (0x4)
                0x20000000                _sdata = .
 *(.data)
 *(.data*)
 .data.uwTickFreq
                0x20000000        0x1 CMakeFiles/motor_1.0.elf.dir/Drivers/STM32F1xx_HAL_Driver/Src/stm32f1xx_hal.c.obj
                0x20000000                uwTickFreq
 *fill*         0x20000001        0x3 
 .data.uwTickPrio
                0x20000004        0x4 CMakeFiles/motor_1.0.elf.dir/Drivers/STM32F1xx_HAL_Driver/Src/stm32f1xx_hal.c.obj
                0x20000004                uwTickPrio
 .data.SystemCoreClock
                0x20000008        0x4 CMakeFiles/motor_1.0.elf.dir/Src/system_stm32f1xx.c.obj
                0x20000008                SystemCoreClock
 .data._impure_ptr
                0x2000000c        0x4 d:/clion/tools/gcc-arm-none-eabi-10.3-2021.10-win32/gcc-arm-none-eabi-10.3-2021.10/bin/../lib/gcc/arm-none-eabi/10.3.1/../../../../arm-none-eabi/lib/thumb/v7-m/nofp\libg.a(lib_a-impure.o)
                0x2000000c                _impure_ptr
 .data.impure_data
                0x20000010      0x428 d:/clion/tools/gcc-arm-none-eabi-10.3-2021.10-win32/gcc-arm-none-eabi-10.3-2021.10/bin/../lib/gcc/arm-none-eabi/10.3.1/../../../../arm-none-eabi/lib/thumb/v7-m/nofp\libg.a(lib_a-impure.o)
 .data.__atexit_recursive_mutex
                0x20000438        0x4 d:/clion/tools/gcc-arm-none-eabi-10.3-2021.10-win32/gcc-arm-none-eabi-10.3-2021.10/bin/../lib/gcc/arm-none-eabi/10.3.1/../../../../arm-none-eabi/lib/thumb/v7-m/nofp\libg.a(lib_a-__call_atexit.o)
                0x20000438                __atexit_recursive_mutex
 .data.numempty
                0x2000043c        0x2 d:/clion/tools/gcc-arm-none-eabi-10.3-2021.10-win32/gcc-arm-none-eabi-10.3-2021.10/bin/../lib/gcc/arm-none-eabi/10.3.1/../../../../arm-none-eabi/lib/thumb/v7-m/nofp\libg.a(lib_a-lnumeric.o)
 *fill*         0x2000043e        0x2 
 .data.__global_locale
                0x20000440      0x16c d:/clion/tools/gcc-arm-none-eabi-10.3-2021.10-win32/gcc-arm-none-eabi-10.3-2021.10/bin/../lib/gcc/arm-none-eabi/10.3.1/../../../../arm-none-eabi/lib/thumb/v7-m/nofp\libg.a(lib_a-locale.o)
                0x20000440                __global_locale
 .data.__malloc_av_
                0x200005ac      0x408 d:/clion/tools/gcc-arm-none-eabi-10.3-2021.10-win32/gcc-arm-none-eabi-10.3-2021.10/bin/../lib/gcc/arm-none-eabi/10.3.1/../../../../arm-none-eabi/lib/thumb/v7-m/nofp\libg.a(lib_a-mallocr.o)
                0x200005ac                __malloc_av_
 .data.__malloc_sbrk_base
                0x200009b4        0x4 d:/clion/tools/gcc-arm-none-eabi-10.3-2021.10-win32/gcc-arm-none-eabi-10.3-2021.10/bin/../lib/gcc/arm-none-eabi/10.3.1/../../../../arm-none-eabi/lib/thumb/v7-m/nofp\libg.a(lib_a-mallocr.o)
                0x200009b4                __malloc_sbrk_base
 .data.__malloc_trim_threshold
                0x200009b8        0x4 d:/clion/tools/gcc-arm-none-eabi-10.3-2021.10-win32/gcc-arm-none-eabi-10.3-2021.10/bin/../lib/gcc/arm-none-eabi/10.3.1/../../../../arm-none-eabi/lib/thumb/v7-m/nofp\libg.a(lib_a-mallocr.o)
                0x200009b8                __malloc_trim_threshold
 *(.RamFunc)
 *(.RamFunc*)
                0x200009bc                . = ALIGN (0x4)
                0x200009bc                _edata = .

.igot.plt       0x200009bc        0x0 load address 0x0800c820
 .igot.plt      0x200009bc        0x0 d:/clion/tools/gcc-arm-none-eabi-10.3-2021.10-win32/gcc-arm-none-eabi-10.3-2021.10/bin/../lib/gcc/arm-none-eabi/10.3.1/thumb/v7-m/nofp/crtbegin.o
                0x200009bc                . = ALIGN (0x4)

.bss            0x200009bc      0x1f8 load address 0x0800c820
                0x200009bc                _sbss = .
                0x200009bc                __bss_start__ = _sbss
 *(.bss)
 .bss           0x200009bc       0x1c d:/clion/tools/gcc-arm-none-eabi-10.3-2021.10-win32/gcc-arm-none-eabi-10.3-2021.10/bin/../lib/gcc/arm-none-eabi/10.3.1/thumb/v7-m/nofp/crtbegin.o
 *(.bss*)
 .bss.uwTick    0x200009d8        0x4 CMakeFiles/motor_1.0.elf.dir/Drivers/STM32F1xx_HAL_Driver/Src/stm32f1xx_hal.c.obj
                0x200009d8                uwTick
 .bss.Position  0x200009dc       0x28 CMakeFiles/motor_1.0.elf.dir/PID/PID.c.obj
                0x200009dc                Position
 .bss.Velocity  0x20000a04       0x28 CMakeFiles/motor_1.0.elf.dir/PID/PID.c.obj
                0x20000a04                Velocity
 .bss.__sbrk_heap_end
                0x20000a2c        0x4 CMakeFiles/motor_1.0.elf.dir/Src/sysmem.c.obj
 .bss.htim1     0x20000a30       0x48 CMakeFiles/motor_1.0.elf.dir/Src/tim.c.obj
                0x20000a30                htim1
 .bss.htim2     0x20000a78       0x48 CMakeFiles/motor_1.0.elf.dir/Src/tim.c.obj
                0x20000a78                htim2
 .bss.htim3     0x20000ac0       0x48 CMakeFiles/motor_1.0.elf.dir/Src/tim.c.obj
                0x20000ac0                htim3
 .bss.buff      0x20000b08       0x14 CMakeFiles/motor_1.0.elf.dir/Src/usart.c.obj
                0x20000b08                buff
 .bss.cnt.0     0x20000b1c        0x4 CMakeFiles/motor_1.0.elf.dir/Src/usart.c.obj
 .bss.huart1    0x20000b20       0x48 CMakeFiles/motor_1.0.elf.dir/Src/usart.c.obj
                0x20000b20                huart1
 .bss.rec       0x20000b68        0x1 CMakeFiles/motor_1.0.elf.dir/Src/usart.c.obj
                0x20000b68                rec
 *fill*         0x20000b69        0x3 
 .bss.__lock___atexit_recursive_mutex
                0x20000b6c        0x1 d:/clion/tools/gcc-arm-none-eabi-10.3-2021.10-win32/gcc-arm-none-eabi-10.3-2021.10/bin/../lib/gcc/arm-none-eabi/10.3.1/../../../../arm-none-eabi/lib/thumb/v7-m/nofp\libg.a(lib_a-lock.o)
                0x20000b6c                __lock___atexit_recursive_mutex
 *fill*         0x20000b6d        0x3 
 .bss.__lock___malloc_recursive_mutex
                0x20000b70        0x1 d:/clion/tools/gcc-arm-none-eabi-10.3-2021.10-win32/gcc-arm-none-eabi-10.3-2021.10/bin/../lib/gcc/arm-none-eabi/10.3.1/../../../../arm-none-eabi/lib/thumb/v7-m/nofp\libg.a(lib_a-lock.o)
                0x20000b70                __lock___malloc_recursive_mutex
 *fill*         0x20000b71        0x3 
 .bss.__lock___sfp_recursive_mutex
                0x20000b74        0x1 d:/clion/tools/gcc-arm-none-eabi-10.3-2021.10-win32/gcc-arm-none-eabi-10.3-2021.10/bin/../lib/gcc/arm-none-eabi/10.3.1/../../../../arm-none-eabi/lib/thumb/v7-m/nofp\libg.a(lib_a-lock.o)
                0x20000b74                __lock___sfp_recursive_mutex
 *fill*         0x20000b75        0x3 
 .bss.__lock___sinit_recursive_mutex
                0x20000b78        0x1 d:/clion/tools/gcc-arm-none-eabi-10.3-2021.10-win32/gcc-arm-none-eabi-10.3-2021.10/bin/../lib/gcc/arm-none-eabi/10.3.1/../../../../arm-none-eabi/lib/thumb/v7-m/nofp\libg.a(lib_a-lock.o)
                0x20000b78                __lock___sinit_recursive_mutex
 *fill*         0x20000b79        0x3 
 .bss.__malloc_current_mallinfo
                0x20000b7c       0x28 d:/clion/tools/gcc-arm-none-eabi-10.3-2021.10-win32/gcc-arm-none-eabi-10.3-2021.10/bin/../lib/gcc/arm-none-eabi/10.3.1/../../../../arm-none-eabi/lib/thumb/v7-m/nofp\libg.a(lib_a-mallocr.o)
                0x20000b7c                __malloc_current_mallinfo
 .bss.__malloc_max_sbrked_mem
                0x20000ba4        0x4 d:/clion/tools/gcc-arm-none-eabi-10.3-2021.10-win32/gcc-arm-none-eabi-10.3-2021.10/bin/../lib/gcc/arm-none-eabi/10.3.1/../../../../arm-none-eabi/lib/thumb/v7-m/nofp\libg.a(lib_a-mallocr.o)
                0x20000ba4                __malloc_max_sbrked_mem
 .bss.__malloc_max_total_mem
                0x20000ba8        0x4 d:/clion/tools/gcc-arm-none-eabi-10.3-2021.10-win32/gcc-arm-none-eabi-10.3-2021.10/bin/../lib/gcc/arm-none-eabi/10.3.1/../../../../arm-none-eabi/lib/thumb/v7-m/nofp\libg.a(lib_a-mallocr.o)
                0x20000ba8                __malloc_max_total_mem
 .bss.__malloc_top_pad
                0x20000bac        0x4 d:/clion/tools/gcc-arm-none-eabi-10.3-2021.10-win32/gcc-arm-none-eabi-10.3-2021.10/bin/../lib/gcc/arm-none-eabi/10.3.1/../../../../arm-none-eabi/lib/thumb/v7-m/nofp\libg.a(lib_a-mallocr.o)
                0x20000bac                __malloc_top_pad
 .bss.errno     0x20000bb0        0x4 d:/clion/tools/gcc-arm-none-eabi-10.3-2021.10-win32/gcc-arm-none-eabi-10.3-2021.10/bin/../lib/gcc/arm-none-eabi/10.3.1/../../../../arm-none-eabi/lib/thumb/v7-m/nofp\libg.a(lib_a-reent.o)
                0x20000bb0                errno
 *(COMMON)
                0x20000bb4                . = ALIGN (0x4)
                0x20000bb4                _ebss = .
                0x20000bb4                __bss_end__ = _ebss

._user_heap_stack
                0x20000bb4      0x604 load address 0x0800c820
                0x20000bb8                . = ALIGN (0x8)
 *fill*         0x20000bb4        0x4 
                [!provide]                PROVIDE (end = .)
                0x20000bb8                PROVIDE (_end = .)
                0x20000db8                . = (. + _Min_Heap_Size)
 *fill*         0x20000bb8      0x200 
                0x200011b8                . = (. + _Min_Stack_Size)
 *fill*         0x20000db8      0x400 
                0x200011b8                . = ALIGN (0x8)

/DISCARD/
 libc.a(*)
 libm.a(*)
 libgcc.a(*)

.ARM.attributes
                0x00000000       0x29
 *(.ARM.attributes)
 .ARM.attributes
                0x00000000       0x1d d:/clion/tools/gcc-arm-none-eabi-10.3-2021.10-win32/gcc-arm-none-eabi-10.3-2021.10/bin/../lib/gcc/arm-none-eabi/10.3.1/thumb/v7-m/nofp/crti.o
 .ARM.attributes
                0x0000001d       0x2d d:/clion/tools/gcc-arm-none-eabi-10.3-2021.10-win32/gcc-arm-none-eabi-10.3-2021.10/bin/../lib/gcc/arm-none-eabi/10.3.1/thumb/v7-m/nofp/crtbegin.o
 .ARM.attributes
                0x0000004a       0x2d CMakeFiles/motor_1.0.elf.dir/Drivers/STM32F1xx_HAL_Driver/Src/stm32f1xx_hal.c.obj
 .ARM.attributes
                0x00000077       0x2d CMakeFiles/motor_1.0.elf.dir/Drivers/STM32F1xx_HAL_Driver/Src/stm32f1xx_hal_cortex.c.obj
 .ARM.attributes
                0x000000a4       0x2d CMakeFiles/motor_1.0.elf.dir/Drivers/STM32F1xx_HAL_Driver/Src/stm32f1xx_hal_dma.c.obj
 .ARM.attributes
                0x000000d1       0x2d CMakeFiles/motor_1.0.elf.dir/Drivers/STM32F1xx_HAL_Driver/Src/stm32f1xx_hal_gpio.c.obj
 .ARM.attributes
                0x000000fe       0x2d CMakeFiles/motor_1.0.elf.dir/Drivers/STM32F1xx_HAL_Driver/Src/stm32f1xx_hal_rcc.c.obj
 .ARM.attributes
                0x0000012b       0x2d CMakeFiles/motor_1.0.elf.dir/Drivers/STM32F1xx_HAL_Driver/Src/stm32f1xx_hal_tim.c.obj
 .ARM.attributes
                0x00000158       0x2d CMakeFiles/motor_1.0.elf.dir/Drivers/STM32F1xx_HAL_Driver/Src/stm32f1xx_hal_tim_ex.c.obj
 .ARM.attributes
                0x00000185       0x2d CMakeFiles/motor_1.0.elf.dir/Drivers/STM32F1xx_HAL_Driver/Src/stm32f1xx_hal_uart.c.obj
 .ARM.attributes
                0x000001b2       0x2d CMakeFiles/motor_1.0.elf.dir/PID/PID.c.obj
 .ARM.attributes
                0x000001df       0x2d CMakeFiles/motor_1.0.elf.dir/Src/gpio.c.obj
 .ARM.attributes
                0x0000020c       0x2d CMakeFiles/motor_1.0.elf.dir/Src/main.c.obj
 .ARM.attributes
                0x00000239       0x2d CMakeFiles/motor_1.0.elf.dir/Src/stm32f1xx_hal_msp.c.obj
 .ARM.attributes
                0x00000266       0x2d CMakeFiles/motor_1.0.elf.dir/Src/stm32f1xx_it.c.obj
 .ARM.attributes
                0x00000293       0x2d CMakeFiles/motor_1.0.elf.dir/Src/syscalls.c.obj
 .ARM.attributes
                0x000002c0       0x2d CMakeFiles/motor_1.0.elf.dir/Src/sysmem.c.obj
 .ARM.attributes
                0x000002ed       0x2d CMakeFiles/motor_1.0.elf.dir/Src/system_stm32f1xx.c.obj
 .ARM.attributes
                0x0000031a       0x2d CMakeFiles/motor_1.0.elf.dir/Src/tim.c.obj
 .ARM.attributes
                0x00000347       0x2d CMakeFiles/motor_1.0.elf.dir/Src/usart.c.obj
 .ARM.attributes
                0x00000374       0x21 CMakeFiles/motor_1.0.elf.dir/Startup/startup_stm32f103c8tx.s.obj
 .ARM.attributes
                0x00000395       0x2d CMakeFiles/motor_1.0.elf.dir/control/control.c.obj
 .ARM.attributes
                0x000003c2       0x2d CMakeFiles/motor_1.0.elf.dir/encoder/encoder.c.obj
 .ARM.attributes
                0x000003ef       0x1d d:/clion/tools/gcc-arm-none-eabi-10.3-2021.10-win32/gcc-arm-none-eabi-10.3-2021.10/bin/../lib/gcc/arm-none-eabi/10.3.1/thumb/v7-m/nofp\libgcc.a(_arm_addsubdf3.o)
 .ARM.attributes
                0x0000040c       0x1d d:/clion/tools/gcc-arm-none-eabi-10.3-2021.10-win32/gcc-arm-none-eabi-10.3-2021.10/bin/../lib/gcc/arm-none-eabi/10.3.1/thumb/v7-m/nofp\libgcc.a(_arm_fixdfsi.o)
 .ARM.attributes
                0x00000429       0x1d d:/clion/tools/gcc-arm-none-eabi-10.3-2021.10-win32/gcc-arm-none-eabi-10.3-2021.10/bin/../lib/gcc/arm-none-eabi/10.3.1/thumb/v7-m/nofp\libgcc.a(_arm_addsubsf3.o)
 .ARM.attributes
                0x00000446       0x1d d:/clion/tools/gcc-arm-none-eabi-10.3-2021.10-win32/gcc-arm-none-eabi-10.3-2021.10/bin/../lib/gcc/arm-none-eabi/10.3.1/thumb/v7-m/nofp\libgcc.a(_arm_muldivsf3.o)
 .ARM.attributes
                0x00000463       0x1d d:/clion/tools/gcc-arm-none-eabi-10.3-2021.10-win32/gcc-arm-none-eabi-10.3-2021.10/bin/../lib/gcc/arm-none-eabi/10.3.1/thumb/v7-m/nofp\libgcc.a(_arm_cmpsf2.o)
 .ARM.attributes
                0x00000480       0x1d d:/clion/tools/gcc-arm-none-eabi-10.3-2021.10-win32/gcc-arm-none-eabi-10.3-2021.10/bin/../lib/gcc/arm-none-eabi/10.3.1/thumb/v7-m/nofp\libgcc.a(_arm_fixsfsi.o)
 .ARM.attributes
                0x0000049d       0x2d d:/clion/tools/gcc-arm-none-eabi-10.3-2021.10-win32/gcc-arm-none-eabi-10.3-2021.10/bin/../lib/gcc/arm-none-eabi/10.3.1/../../../../arm-none-eabi/lib/thumb/v7-m/nofp\libg.a(lib_a-atoff.o)
 .ARM.attributes
                0x000004ca       0x2d d:/clion/tools/gcc-arm-none-eabi-10.3-2021.10-win32/gcc-arm-none-eabi-10.3-2021.10/bin/../lib/gcc/arm-none-eabi/10.3.1/../../../../arm-none-eabi/lib/thumb/v7-m/nofp\libg.a(lib_a-errno.o)
 .ARM.attributes
                0x000004f7       0x2d d:/clion/tools/gcc-arm-none-eabi-10.3-2021.10-win32/gcc-arm-none-eabi-10.3-2021.10/bin/../lib/gcc/arm-none-eabi/10.3.1/../../../../arm-none-eabi/lib/thumb/v7-m/nofp\libg.a(lib_a-impure.o)
 .ARM.attributes
                0x00000524       0x2d d:/clion/tools/gcc-arm-none-eabi-10.3-2021.10-win32/gcc-arm-none-eabi-10.3-2021.10/bin/../lib/gcc/arm-none-eabi/10.3.1/../../../../arm-none-eabi/lib/thumb/v7-m/nofp\libg.a(lib_a-init.o)
 .ARM.attributes
                0x00000551       0x2d d:/clion/tools/gcc-arm-none-eabi-10.3-2021.10-win32/gcc-arm-none-eabi-10.3-2021.10/bin/../lib/gcc/arm-none-eabi/10.3.1/../../../../arm-none-eabi/lib/thumb/v7-m/nofp\libg.a(lib_a-memset.o)
 .ARM.attributes
                0x0000057e       0x2d d:/clion/tools/gcc-arm-none-eabi-10.3-2021.10-win32/gcc-arm-none-eabi-10.3-2021.10/bin/../lib/gcc/arm-none-eabi/10.3.1/../../../../arm-none-eabi/lib/thumb/v7-m/nofp\libg.a(lib_a-printf.o)
 .ARM.attributes
                0x000005ab       0x2d d:/clion/tools/gcc-arm-none-eabi-10.3-2021.10-win32/gcc-arm-none-eabi-10.3-2021.10/bin/../lib/gcc/arm-none-eabi/10.3.1/../../../../arm-none-eabi/lib/thumb/v7-m/nofp\libg.a(lib_a-puts.o)
 .ARM.attributes
                0x000005d8       0x2d d:/clion/tools/gcc-arm-none-eabi-10.3-2021.10-win32/gcc-arm-none-eabi-10.3-2021.10/bin/../lib/gcc/arm-none-eabi/10.3.1/../../../../arm-none-eabi/lib/thumb/v7-m/nofp\libg.a(lib_a-strlen-stub.o)
 .ARM.attributes
                0x00000605       0x2d d:/clion/tools/gcc-arm-none-eabi-10.3-2021.10-win32/gcc-arm-none-eabi-10.3-2021.10/bin/../lib/gcc/arm-none-eabi/10.3.1/../../../../arm-none-eabi/lib/thumb/v7-m/nofp\libg.a(lib_a-strtod.o)
 .ARM.attributes
                0x00000632       0x2d d:/clion/tools/gcc-arm-none-eabi-10.3-2021.10-win32/gcc-arm-none-eabi-10.3-2021.10/bin/../lib/gcc/arm-none-eabi/10.3.1/../../../../arm-none-eabi/lib/thumb/v7-m/nofp\libg.a(lib_a-vfprintf.o)
 .ARM.attributes
                0x0000065f       0x2d d:/clion/tools/gcc-arm-none-eabi-10.3-2021.10-win32/gcc-arm-none-eabi-10.3-2021.10/bin/../lib/gcc/arm-none-eabi/10.3.1/../../../../arm-none-eabi/lib/thumb/v7-m/nofp\libg.a(lib_a-wsetup.o)
 .ARM.attributes
                0x0000068c       0x2d d:/clion/tools/gcc-arm-none-eabi-10.3-2021.10-win32/gcc-arm-none-eabi-10.3-2021.10/bin/../lib/gcc/arm-none-eabi/10.3.1/../../../../arm-none-eabi/lib/thumb/v7-m/nofp\libg.a(lib_a-__call_atexit.o)
 .ARM.attributes
                0x000006b9       0x2d d:/clion/tools/gcc-arm-none-eabi-10.3-2021.10-win32/gcc-arm-none-eabi-10.3-2021.10/bin/../lib/gcc/arm-none-eabi/10.3.1/../../../../arm-none-eabi/lib/thumb/v7-m/nofp\libg.a(lib_a-atexit.o)
 .ARM.attributes
                0x000006e6       0x2d d:/clion/tools/gcc-arm-none-eabi-10.3-2021.10-win32/gcc-arm-none-eabi-10.3-2021.10/bin/../lib/gcc/arm-none-eabi/10.3.1/../../../../arm-none-eabi/lib/thumb/v7-m/nofp\libg.a(lib_a-dtoa.o)
 .ARM.attributes
                0x00000713       0x2d d:/clion/tools/gcc-arm-none-eabi-10.3-2021.10-win32/gcc-arm-none-eabi-10.3-2021.10/bin/../lib/gcc/arm-none-eabi/10.3.1/../../../../arm-none-eabi/lib/thumb/v7-m/nofp\libg.a(lib_a-fflush.o)
 .ARM.attributes
                0x00000740       0x2d d:/clion/tools/gcc-arm-none-eabi-10.3-2021.10-win32/gcc-arm-none-eabi-10.3-2021.10/bin/../lib/gcc/arm-none-eabi/10.3.1/../../../../arm-none-eabi/lib/thumb/v7-m/nofp\libg.a(lib_a-findfp.o)
 .ARM.attributes
                0x0000076d       0x2d d:/clion/tools/gcc-arm-none-eabi-10.3-2021.10-win32/gcc-arm-none-eabi-10.3-2021.10/bin/../lib/gcc/arm-none-eabi/10.3.1/../../../../arm-none-eabi/lib/thumb/v7-m/nofp\libg.a(lib_a-fini.o)
 .ARM.attributes
                0x0000079a       0x2d d:/clion/tools/gcc-arm-none-eabi-10.3-2021.10-win32/gcc-arm-none-eabi-10.3-2021.10/bin/../lib/gcc/arm-none-eabi/10.3.1/../../../../arm-none-eabi/lib/thumb/v7-m/nofp\libg.a(lib_a-freer.o)
 .ARM.attributes
                0x000007c7       0x2d d:/clion/tools/gcc-arm-none-eabi-10.3-2021.10-win32/gcc-arm-none-eabi-10.3-2021.10/bin/../lib/gcc/arm-none-eabi/10.3.1/../../../../arm-none-eabi/lib/thumb/v7-m/nofp\libg.a(lib_a-fvwrite.o)
 .ARM.attributes